Archive member included to satisfy reference by file (symbol)

.\CortexM3\ARM_GCC_541\Debug\ElectronicClock.a(ErikaOS_ee_activate.o)
                              .\CortexM3\ARM_GCC_541\Debug\main.o (EE_oo_ActivateTask)
.\CortexM3\ARM_GCC_541\Debug\ElectronicClock.a(ErikaOS_ee_alsetrel.o)
                              .\CortexM3\ARM_GCC_541\Debug\main.o (EE_oo_SetRelAlarm)
.\CortexM3\ARM_GCC_541\Debug\ElectronicClock.a(ErikaOS_ee_altick.o)
                              .\CortexM3\ARM_GCC_541\Debug\ElectronicClock.a(ErikaOS_ee_alsetrel.o) (EE_oo_counter_object_insert)
.\CortexM3\ARM_GCC_541\Debug\ElectronicClock.a(ErikaOS_ee_evclear.o)
                              .\CortexM3\ARM_GCC_541\Debug\tsk_control.o (EE_oo_ClearEvent)
.\CortexM3\ARM_GCC_541\Debug\ElectronicClock.a(ErikaOS_ee_evget.o)
                              .\CortexM3\ARM_GCC_541\Debug\tsk_control.o (EE_oo_GetEvent)
.\CortexM3\ARM_GCC_541\Debug\ElectronicClock.a(ErikaOS_ee_evset.o)
                              .\CortexM3\ARM_GCC_541\Debug\main.o (EE_oo_SetEvent)
.\CortexM3\ARM_GCC_541\Debug\ElectronicClock.a(ErikaOS_ee_evwait.o)
                              .\CortexM3\ARM_GCC_541\Debug\tsk_control.o (EE_oo_WaitEvent)
.\CortexM3\ARM_GCC_541\Debug\ElectronicClock.a(ErikaOS_ee_irqendin.o)
                              .\CortexM3\ARM_GCC_541\Debug\main.o (EE_IRQ_end_post_stub)
.\CortexM3\ARM_GCC_541\Debug\ElectronicClock.a(ErikaOS_ee_lockres.o)
                              .\CortexM3\ARM_GCC_541\Debug\main.o (EE_oo_GetResource)
.\CortexM3\ARM_GCC_541\Debug\ElectronicClock.a(ErikaOS_ee_lookup.o)
                              .\CortexM3\ARM_GCC_541\Debug\ElectronicClock.a(ErikaOS_ee_irqendin.o) (EE_oo_IRQ_disable_count)
.\CortexM3\ARM_GCC_541\Debug\ElectronicClock.a(ErikaOS_ee_rq_exchg.o)
                              .\CortexM3\ARM_GCC_541\Debug\ElectronicClock.a(ErikaOS_ee_activate.o) (EE_rq2stk_exchange)
.\CortexM3\ARM_GCC_541\Debug\ElectronicClock.a(ErikaOS_ee_rq_first.o)
                              .\CortexM3\ARM_GCC_541\Debug\ElectronicClock.a(ErikaOS_ee_activate.o) (EE_rq_queryfirst)
.\CortexM3\ARM_GCC_541\Debug\ElectronicClock.a(ErikaOS_ee_rq_inser.o)
                              .\CortexM3\ARM_GCC_541\Debug\ElectronicClock.a(ErikaOS_ee_activate.o) (EE_rq_insert)
.\CortexM3\ARM_GCC_541\Debug\ElectronicClock.a(ErikaOS_ee_startos.o)
                              .\CortexM3\ARM_GCC_541\Debug\main.o (EE_oo_StartOS)
.\CortexM3\ARM_GCC_541\Debug\ElectronicClock.a(ErikaOS_ee_terminat.o)
                              .\CortexM3\ARM_GCC_541\Debug\main.o (EE_oo_TerminateTask)
.\CortexM3\ARM_GCC_541\Debug\ElectronicClock.a(ErikaOS_ee_ulockres.o)
                              .\CortexM3\ARM_GCC_541\Debug\main.o (EE_oo_ReleaseResource)
.\CortexM3\ARM_GCC_541\Debug\ElectronicClock.a(ErikaOS_cortex_mx_ee_utils.o)
                              .\CortexM3\ARM_GCC_541\Debug\main.o (EE_system_init)
.\CortexM3\ARM_GCC_541\Debug\ElectronicClock.a(ErikaOS_common_ee_hal_structs.o)
                              .\CortexM3\ARM_GCC_541\Debug\ElectronicClock.a(ErikaOS_ee_irqendin.o) (EE_std_endcycle_next_tid)
.\CortexM3\ARM_GCC_541\Debug\ElectronicClock.a(ErikaOS_eecfg.o)
                              .\CortexM3\ARM_GCC_541\Debug\ElectronicClock.a(ErikaOS_ee_startos.o) (EE_oo_autostart_task_data)
.\CortexM3\ARM_GCC_541\Debug\ElectronicClock.a(UART_LOG.o)
                              .\CortexM3\ARM_GCC_541\Debug\main.o (UART_LOG_Start)
.\CortexM3\ARM_GCC_541\Debug\ElectronicClock.a(UART_LOG_INT.o)
                              .\CortexM3\ARM_GCC_541\Debug\ElectronicClock.a(UART_LOG.o) (UART_LOG_RXISR)
.\CortexM3\ARM_GCC_541\Debug\ElectronicClock.a(TFT_SPI.o)
                              .\CortexM3\ARM_GCC_541\Debug\tft.o (TFT_SPI_WriteTxData)
.\CortexM3\ARM_GCC_541\Debug\ElectronicClock.a(TFT_DC.o)
                              .\CortexM3\ARM_GCC_541\Debug\tft.o (TFT_DC_Write)
.\CortexM3\ARM_GCC_541\Debug\ElectronicClock.a(TFT_RES.o)
                              .\CortexM3\ARM_GCC_541\Debug\tft.o (TFT_RES_Write)
.\CortexM3\ARM_GCC_541\Debug\ElectronicClock.a(TFT_BackLight.o)
                              .\CortexM3\ARM_GCC_541\Debug\tft.o (TFT_BackLight_WriteCompare)
.\CortexM3\ARM_GCC_541\Debug\ElectronicClock.a(UART_LOG_IntClock.o)
                              .\CortexM3\ARM_GCC_541\Debug\ElectronicClock.a(UART_LOG.o) (UART_LOG_IntClock_Start)
.\CortexM3\ARM_GCC_541\Debug\ElectronicClock.a(TFT_SPI_IntClock.o)
                              .\CortexM3\ARM_GCC_541\Debug\ElectronicClock.a(TFT_SPI.o) (TFT_SPI_IntClock_Start)
.\CortexM3\ARM_GCC_541\Debug\ElectronicClock.a(CyLib.o)
                              .\CortexM3\ARM_GCC_541\Debug\Cm3Start.o (CyHalt)
.\CortexM3\ARM_GCC_541\Debug\ElectronicClock.a(cyPm.o)
                              .\CortexM3\ARM_GCC_541\Debug\ElectronicClock.a(CyLib.o) (CyPmReadStatus)
.\CortexM3\ARM_GCC_541\Debug\ElectronicClock.a(button_1.o)
                              .\CortexM3\ARM_GCC_541\Debug\main.o (button_1_Read)
[...]
Memory Configuration

Name             Origin             Length             Attributes
rom              0x00000000         0x00040000         xr
ram              0x1fff8000         0x00010000         xrw
*default*        0x00000000         0xffffffff

Linker script and memory map

LOAD c:/program files (x86)/cypress/psoc creator/4.4/psoc creator/import/gnu/arm/5.4.1/bin/../lib/gcc/arm-none-eabi/5.4.1/armv7-m/crti.o
LOAD c:/program files (x86)/cypress/psoc creator/4.4/psoc creator/import/gnu/arm/5.4.1/bin/../lib/gcc/arm-none-eabi/5.4.1/armv7-m/crtbegin.o
LOAD c:/program files (x86)/cypress/psoc creator/4.4/psoc creator/import/gnu/arm/5.4.1/bin/../lib/gcc/arm-none-eabi/5.4.1/../../../../arm-none-eabi/lib/armv7-m/crt0.o
START GROUP
LOAD .\CortexM3\ARM_GCC_541\Debug\main.o
LOAD .\CortexM3\ARM_GCC_541\Debug\tsk_background.o
LOAD .\CortexM3\ARM_GCC_541\Debug\swc_clock_control.o
LOAD .\CortexM3\ARM_GCC_541\Debug\swc_clock_display.o
LOAD .\CortexM3\ARM_GCC_541\Debug\swc_clock_input.o
LOAD .\CortexM3\ARM_GCC_541\Debug\tsk_control.o
LOAD .\CortexM3\ARM_GCC_541\Debug\tsk_display.o
LOAD .\CortexM3\ARM_GCC_541\Debug\tsk_input.o
LOAD .\CortexM3\ARM_GCC_541\Debug\tsk_system.o
LOAD .\CortexM3\ARM_GCC_541\Debug\clock_statemachine.o
LOAD .\CortexM3\ARM_GCC_541\Debug\button.o
LOAD .\CortexM3\ARM_GCC_541\Debug\logging.o
LOAD .\CortexM3\ARM_GCC_541\Debug\tft.o
LOAD .\CortexM3\ARM_GCC_541\Debug\intToASCII.o
LOAD .\CortexM3\ARM_GCC_541\Debug\rte.o
LOAD .\CortexM3\ARM_GCC_541\Debug\sc_clock.o
LOAD .\CortexM3\ARM_GCC_541\Debug\sc_event.o
LOAD .\CortexM3\ARM_GCC_541\Debug\sc_event_type.o
LOAD .\CortexM3\ARM_GCC_541\Debug\sp_common.o
LOAD .\CortexM3\ARM_GCC_541\Debug\sc_clock_type.o
LOAD .\CortexM3\ARM_GCC_541\Debug\cyfitter_cfg.o
LOAD .\CortexM3\ARM_GCC_541\Debug\cymetadata.o
LOAD .\CortexM3\ARM_GCC_541\Debug\Cm3Start.o
LOAD .\CortexM3\ARM_GCC_541\Debug\ElectronicClock.a
LOAD C:\Program Files (x86)\Cypress\PSoC Creator\4.4\PSoC Creator\psoc\content\cycomponentlibrary\CyComponentLibrary.cylib\CortexM3\ARM_GCC_541\Debug\CyComponentLibrary.a
END GROUP
START GROUP
LOAD c:/program files (x86)/cypress/psoc creator/4.4/psoc creator/import/gnu/arm/5.4.1/bin/../lib/gcc/arm-none-eabi/5.4.1/armv7-m\libgcc.a
LOAD c:/program files (x86)/cypress/psoc creator/4.4/psoc creator/import/gnu/arm/5.4.1/bin/../lib/gcc/arm-none-eabi/5.4.1/../../../../arm-none-eabi/lib/armv7-m\libg_nano.a
LOAD c:/program files (x86)/cypress/psoc creator/4.4/psoc creator/import/gnu/arm/5.4.1/bin/../lib/gcc/arm-none-eabi/5.4.1/../../../../arm-none-eabi/lib/armv7-m\libc_nano.a
END GROUP
START GROUP
LOAD c:/program files (x86)/cypress/psoc creator/4.4/psoc creator/import/gnu/arm/5.4.1/bin/../lib/gcc/arm-none-eabi/5.4.1/armv7-m\libgcc.a
LOAD c:/program files (x86)/cypress/psoc creator/4.4/psoc creator/import/gnu/arm/5.4.1/bin/../lib/gcc/arm-none-eabi/5.4.1/../../../../arm-none-eabi/lib/armv7-m\libc_nano.a
END GROUP
LOAD c:/program files (x86)/cypress/psoc creator/4.4/psoc creator/import/gnu/arm/5.4.1/bin/../lib/gcc/arm-none-eabi/5.4.1/armv7-m/crtend.o
LOAD c:/program files (x86)/cypress/psoc creator/4.4/psoc creator/import/gnu/arm/5.4.1/bin/../lib/gcc/arm-none-eabi/5.4.1/armv7-m/crtn.o
START GROUP
LOAD c:/program files (x86)/cypress/psoc creator/4.4/psoc creator/import/gnu/arm/5.4.1/bin/../lib/gcc/arm-none-eabi/5.4.1/armv7-m\libgcc.a
LOAD c:/program files (x86)/cypress/psoc creator/4.4/psoc creator/import/gnu/arm/5.4.1/bin/../lib/gcc/arm-none-eabi/5.4.1/../../../../arm-none-eabi/lib/armv7-m\libc.a
LOAD c:/program files (x86)/cypress/psoc creator/4.4/psoc creator/import/gnu/arm/5.4.1/bin/../lib/gcc/arm-none-eabi/5.4.1/../../../../arm-none-eabi/lib/armv7-m\libnosys.a
END GROUP
                0x00000000                CY_APPL_ORIGIN = 0x0
                0x00000100                CY_FLASH_ROW_SIZE = 0x100
                0x00000020                CY_ECC_ROW_SIZE = 0x20
                0x00000000                CY_EE_IN_BTLDR = 0x0
                0x00000000                CY_APPL_LOADABLE = 0x0
                0x00000800                CY_EE_SIZE = 0x800
                0x00000001                CY_APPL_NUM = 0x1
                0x00000001                CY_APPL_MAX = 0x1
                0x00000040                CY_METADATA_SIZE = 0x40
                0x00000000                CY_APPL_LOADABLE = 0x0
                0x00000000                CY_CHECKSUM_EXCLUDE_SIZE = ALIGN (0x0, CY_FLASH_ROW_SIZE)
                [!provide]                PROVIDE (__cy_heap_start, _end)
                0x00000001                PROVIDE (__cy_region_num, ((__cy_regions_end - __cy_regions) / 0x10))
                0x20008000                PROVIDE (__cy_stack, (ORIGIN (ram) + LENGTH (ram)))
                [!provide]                PROVIDE (__cy_heap_end, (__cy_stack - 0x800))

.cybootloader   0x00000000        0x0
 *(.cybootloader)
                0x00000000                appl1_start = CY_APPL_ORIGIN?CY_APPL_ORIGIN:ALIGN (CY_FLASH_ROW_SIZE)
                0x0001ff00                appl2_start = (appl1_start + ALIGN ((((LENGTH (rom) - appl1_start) - (0x2 * CY_FLASH_ROW_SIZE)) / 0x2), CY_FLASH_ROW_SIZE))
                0x00000000                appl_start = (CY_APPL_NUM == 0x1)?appl1_start:appl2_start
                0x00000000                ecc_offset = ((appl_start / CY_FLASH_ROW_SIZE) * CY_ECC_ROW_SIZE)
                0x00000000                ee_offset = (CY_APPL_LOADABLE && ! (CY_EE_IN_BTLDR))?((CY_EE_SIZE / CY_APPL_MAX) * (CY_APPL_NUM - 0x1)):0x0
                0x00000800                ee_size = (CY_APPL_LOADABLE && ! (CY_EE_IN_BTLDR))?(CY_EE_SIZE / CY_APPL_MAX):CY_EE_SIZE
                [!provide]                PROVIDE (CY_ECC_OFFSET, ecc_offset)

.text           0x00000000     0x386e
 CREATE_OBJECT_SYMBOLS
                0x00000000                PROVIDE (__cy_interrupt_vector, RomVectors)
 *(.romvectors)
 .romvectors    0x00000000       0x10 .\CortexM3\ARM_GCC_541\Debug\Cm3Start.o
                0x00000000                RomVectors
                0x00000001                ASSERT ((. != __cy_interrupt_vector), No interrupt vector)
                0x00000001                ASSERT (CY_APPL_ORIGIN?(SIZEOF (.cybootloader) <= CY_APPL_ORIGIN):0x1, Wrong image location)
                0x00000010                PROVIDE (__cy_reset, Reset)
 *(.text.Reset)
 .text.Reset    0x00000010       0x18 .\CortexM3\ARM_GCC_541\Debug\Cm3Start.o
                0x00000010                Reset
                0x00000001                ASSERT ((. != __cy_reset), No reset code)
 *(.dma_init)
                0x00000001                ASSERT ((((appl_start + .) <= 0x10000) || 0x1), DMA Init must be within the first 64k of flash)
 *(.text .text.* .gnu.linkonce.t.*)
 .text          0x00000028       0x5c c:/program files (x86)/cypress/psoc creator/4.4/psoc creator/import/gnu/arm/5.4.1/bin/../lib/gcc/arm-none-eabi/5.4.1/armv7-m/crtbegin.o
 .text.ISR2_systick_handler
                0x00000084        0xc .\CortexM3\ARM_GCC_541\Debug\main.o
                0x00000084                ISR2_systick_handler
 .text.systick_handler
                0x00000090       0x98 .\CortexM3\ARM_GCC_541\Debug\main.o
                0x00000090                systick_handler
 .text.main     0x00000128       0x28 .\CortexM3\ARM_GCC_541\Debug\main.o
                0x00000128                main
 .text.Functsk_init
                0x00000150       0x40 .\CortexM3\ARM_GCC_541\Debug\main.o
                0x00000150                Functsk_init
 .text.alrm_callback
                0x00000190      0x110 .\CortexM3\ARM_GCC_541\Debug\main.o
                0x00000190                alrm_callback
 .text.ISR2_isr_ButtonLeft
                0x000002a0       0x68 .\CortexM3\ARM_GCC_541\Debug\main.o
                0x000002a0                ISR2_isr_ButtonLeft
 .text.isr_ButtonLeft
                0x00000308       0x98 .\CortexM3\ARM_GCC_541\Debug\main.o
                0x00000308                isr_ButtonLeft
 .text.ISR2_isr_ButtonRight
                0x000003a0       0x68 .\CortexM3\ARM_GCC_541\Debug\main.o
                0x000003a0                ISR2_isr_ButtonRight
 .text.isr_ButtonRight
                0x00000408       0x98 .\CortexM3\ARM_GCC_541\Debug\main.o
                0x00000408                isr_ButtonRight
 .text.Functsk_background
                0x000004a0        0x4 .\CortexM3\ARM_GCC_541\Debug\tsk_background.o
                0x000004a0                Functsk_background
 .text.CLOCK_setIncrement1Min
                0x000004a4        0xc .\CortexM3\ARM_GCC_541\Debug\swc_clock_control.o
 .text.CLOCK_resetIncrement1Min
                0x000004b0        0xc .\CortexM3\ARM_GCC_541\Debug\swc_clock_control.o
 .text.CLOCK_setAutoIncrement
                0x000004bc        0xc .\CortexM3\ARM_GCC_541\Debug\swc_clock_control.o
 .text.CLOCK_resetAutoIncrement
                0x000004c8        0xc .\CortexM3\ARM_GCC_541\Debug\swc_clock_control.o
 .text.CLOCK__dispatch_wrapper
                0x000004d4      0x280 .\CortexM3\ARM_GCC_541\Debug\swc_clock_control.o
 .text.CLOCK__dispatch_250MS_Hours
                0x00000754       0x18 .\CortexM3\ARM_GCC_541\Debug\swc_clock_control.o
 .text.CLOCK__dispatch_KR_Hours
                0x0000076c       0x18 .\CortexM3\ARM_GCC_541\Debug\swc_clock_control.o
 .text.CLOCK__dispatch_KL_HoursMin
                0x00000784       0x20 .\CortexM3\ARM_GCC_541\Debug\swc_clock_control.o
 .text.CLOCK__dispatch_250MS_Min
                0x000007a4       0x18 .\CortexM3\ARM_GCC_541\Debug\swc_clock_control.o
 .text.CLOCK__dispatch_KR_Min
                0x000007bc       0x18 .\CortexM3\ARM_GCC_541\Debug\swc_clock_control.o
 .text.CLOCK__dispatch_KL_Min
                0x000007d4       0x18 .\CortexM3\ARM_GCC_541\Debug\swc_clock_control.o
 .text.CLOCK__dispatch_KL_Hours
                0x000007ec       0x18 .\CortexM3\ARM_GCC_541\Debug\swc_clock_control.o
 .text.CLOCK__errorHandler
                0x00000804       0x6c .\CortexM3\ARM_GCC_541\Debug\swc_clock_control.o
 .text.CLOCK__incrementWidget
                0x00000870      0x114 .\CortexM3\ARM_GCC_541\Debug\swc_clock_control.o
 .text.CLOCK__setDisplayFonts
                0x00000984       0xcc .\CortexM3\ARM_GCC_541\Debug\swc_clock_control.o
 .text.CLOCK__setEditFonts
                0x00000a50       0xf0 .\CortexM3\ARM_GCC_541\Debug\swc_clock_control.o
 .text.CLOCK__dispatch_KRLP_Hours
                0x00000b40       0x74 .\CortexM3\ARM_GCC_541\Debug\swc_clock_control.o
 .text.CLOCK__dispatch_KRLP_Min
                0x00000bb4       0x74 .\CortexM3\ARM_GCC_541\Debug\swc_clock_control.o
 .text.CLOCK__increment1Minute
                0x00000c28      0x100 .\CortexM3\ARM_GCC_541\Debug\swc_clock_control.o
 .text.CLOCK__errorHandlerRoutine
                0x00000d28      0x100 .\CortexM3\ARM_GCC_541\Debug\swc_clock_control.o
 .text.CLOCK_CONTROL__run
                0x00000e28      0x158 .\CortexM3\ARM_GCC_541\Debug\swc_clock_control.o
                0x00000e28                CLOCK_CONTROL__run
 .text.CLOCK_CONTROL_init_run
                0x00000f80      0x118 .\CortexM3\ARM_GCC_541\Debug\swc_clock_control.o
                0x00000f80                CLOCK_CONTROL_init_run
 .text.CLOCK_DISPLAY__run
                0x00001098      0x1d8 .\CortexM3\ARM_GCC_541\Debug\swc_clock_display.o
                0x00001098                CLOCK_DISPLAY__run
 .text.CLOCK_INPUT__run
                0x00001270       0x8c .\CortexM3\ARM_GCC_541\Debug\swc_clock_input.o
                0x00001270                CLOCK_INPUT__run
 .text.Functsk_control
                0x000012fc       0x2c .\CortexM3\ARM_GCC_541\Debug\tsk_control.o
                0x000012fc                Functsk_control
 .text.Functsk_display
                0x00001328       0x28 .\CortexM3\ARM_GCC_541\Debug\tsk_display.o
                0x00001328                Functsk_display
 .text.Functsk_input
                0x00001350       0x28 .\CortexM3\ARM_GCC_541\Debug\tsk_input.o
                0x00001350                Functsk_input
 .text.Functsk_system
                0x00001378        0xc .\CortexM3\ARM_GCC_541\Debug\tsk_system.o
                0x00001378                Functsk_system
 .text.STATE__getIndexCurrentState
                0x00001384       0x28 .\CortexM3\ARM_GCC_541\Debug\clock_statemachine.o
                0x00001384                STATE__getIndexCurrentState
 .text.STATE_initState
                0x000013ac       0x30 .\CortexM3\ARM_GCC_541\Debug\clock_statemachine.o
                0x000013ac                STATE_initState
 .text.STATE_processEvent
                0x000013dc       0xfc .\CortexM3\ARM_GCC_541\Debug\clock_statemachine.o
                0x000013dc                STATE_processEvent
 .text.LOG_send
                0x000014d8       0x2c .\CortexM3\ARM_GCC_541\Debug\logging.o
                0x000014d8                LOG_send
 .text.__TFT_SPI_TX_ISR
                0x00001504       0x58 .\CortexM3\ARM_GCC_541\Debug\tft.o
                0x00001504                __TFT_SPI_TX_ISR
 .text.TFT_send
                0x0000155c       0x84 .\CortexM3\ARM_GCC_541\Debug\tft.o
 .text.setAddrWindow
                0x000015e0       0x88 .\CortexM3\ARM_GCC_541\Debug\tft.o
 .text.TFT_setBacklight
                0x00001668       0x10 .\CortexM3\ARM_GCC_541\Debug\tft.o
                0x00001668                TFT_setBacklight
 .text.TFT_setRotation
                0x00001678       0xc0 .\CortexM3\ARM_GCC_541\Debug\tft.o
                0x00001678                TFT_setRotation
 .text.TFT_setCursor
                0x00001738       0x10 .\CortexM3\ARM_GCC_541\Debug\tft.o
                0x00001738                TFT_setCursor
 .text.TFT_setColors
                0x00001748       0x10 .\CortexM3\ARM_GCC_541\Debug\tft.o
                0x00001748                TFT_setColors
 .text.TFT_setTextSize
                0x00001758       0x10 .\CortexM3\ARM_GCC_541\Debug\tft.o
                0x00001758                TFT_setTextSize
 .text.TFT_fillRect
                0x00001768       0x8c .\CortexM3\ARM_GCC_541\Debug\tft.o
                0x00001768                TFT_fillRect
 .text.TFT_fillScreen
                0x000017f4       0x24 .\CortexM3\ARM_GCC_541\Debug\tft.o
                0x000017f4                TFT_fillScreen
 .text.TFT_init
                0x00001818       0xe4 .\CortexM3\ARM_GCC_541\Debug\tft.o
                0x00001818                TFT_init
 .text.TFT_drawPixel
                0x000018fc       0x50 .\CortexM3\ARM_GCC_541\Debug\tft.o
                0x000018fc                TFT_drawPixel
 .text.TFT_fastVLine
                0x0000194c       0x64 .\CortexM3\ARM_GCC_541\Debug\tft.o
                0x0000194c                TFT_fastVLine
 .text.TFT_drawCircle
                0x000019b0      0x138 .\CortexM3\ARM_GCC_541\Debug\tft.o
                0x000019b0                TFT_drawCircle
 .text.TFT_drawChar
                0x00001ae8      0x21c .\CortexM3\ARM_GCC_541\Debug\tft.o
                0x00001ae8                TFT_drawChar
 .text.TFT_write
                0x00001d04      0x144 .\CortexM3\ARM_GCC_541\Debug\tft.o
                0x00001d04                TFT_write
 .text.TFT_print
                0x00001e48       0x14 .\CortexM3\ARM_GCC_541\Debug\tft.o
                0x00001e48                TFT_print
 .text.TFT_width
                0x00001e5c        0xc .\CortexM3\ARM_GCC_541\Debug\tft.o
                0x00001e5c                TFT_width
 .text.TFT_height
                0x00001e68        0xc .\CortexM3\ARM_GCC_541\Debug\tft.o
                0x00001e68                TFT_height
 .text.intToASCII
                0x00001e74       0x34 .\CortexM3\ARM_GCC_541\Debug\intToASCII.o
                0x00001e74                intToASCII
 .text.RTE_ProcessCyclicTable
                0x00001ea8       0x30 .\CortexM3\ARM_GCC_541\Debug\rte.o
                0x00001ea8                RTE_ProcessCyclicTable
 .text.RTE_ProcessEventTable
                0x00001ed8       0x28 .\CortexM3\ARM_GCC_541\Debug\rte.o
                0x00001ed8                RTE_ProcessEventTable
 .text.SC_EVENT_driverIn
                0x00001f00        0x4 .\CortexM3\ARM_GCC_541\Debug\sc_event_type.o
                0x00001f00                SC_EVENT_driverIn
 .text.RTE_timertick_sp_common_tick
                0x00001f04       0x28 .\CortexM3\ARM_GCC_541\Debug\sp_common.o
                0x00001f04                RTE_timertick_sp_common_tick
 .text.SC_CLOCK_driverOut
                0x00001f2c        0x4 .\CortexM3\ARM_GCC_541\Debug\sc_clock_type.o
                0x00001f2c                SC_CLOCK_driverOut
 .text.CyClockStartupError
                0x00001f30        0x4 .\CortexM3\ARM_GCC_541\Debug\cyfitter_cfg.o
 .text.cfg_write_bytes32
                0x00001f34       0x34 .\CortexM3\ARM_GCC_541\Debug\cyfitter_cfg.o
 .text.AnalogSetDefault
                0x00001f68       0x28 .\CortexM3\ARM_GCC_541\Debug\cyfitter_cfg.o
 .text.CYMEMZERO
                0x00001f90        0xc .\CortexM3\ARM_GCC_541\Debug\cyfitter_cfg.o
 .text.ClockSetup
                0x00001f9c       0xd0 .\CortexM3\ARM_GCC_541\Debug\cyfitter_cfg.o
 .text.CYCONFIGCPY
                0x0000206c        0x8 .\CortexM3\ARM_GCC_541\Debug\cyfitter_cfg.o
 .text.cyfitter_cfg
                0x00002074      0x104 .\CortexM3\ARM_GCC_541\Debug\cyfitter_cfg.o
                0x00002074                cyfitter_cfg
 .text.IntDefaultHandler
                0x00002178       0x10 .\CortexM3\ARM_GCC_541\Debug\Cm3Start.o
                0x00002178                IntDefaultHandler
 .text.Start_c  0x00002188       0x4c .\CortexM3\ARM_GCC_541\Debug\Cm3Start.o
                0x00002188                Start_c
 .text.initialize_psoc
                0x000021d4       0x68 .\CortexM3\ARM_GCC_541\Debug\Cm3Start.o
                0x000021d4                initialize_psoc
 .text.EE_oo_ActivateTask
                0x0000223c       0xe8 .\CortexM3\ARM_GCC_541\Debug\ElectronicClock.a(ErikaOS_ee_activate.o)
                0x0000223c                EE_oo_ActivateTask
 .text.EE_oo_SetRelAlarm
                0x00002324       0x80 .\CortexM3\ARM_GCC_541\Debug\ElectronicClock.a(ErikaOS_ee_alsetrel.o)
                0x00002324                EE_oo_SetRelAlarm
 .text.EE_oo_handle_action_callback
                0x000023a4        0xc .\CortexM3\ARM_GCC_541\Debug\ElectronicClock.a(ErikaOS_ee_altick.o)
 .text.EE_oo_handle_action_task
                0x000023b0       0x4c .\CortexM3\ARM_GCC_541\Debug\ElectronicClock.a(ErikaOS_ee_altick.o)
 .text.EE_oo_handle_action_event
                0x000023fc       0x60 .\CortexM3\ARM_GCC_541\Debug\ElectronicClock.a(ErikaOS_ee_altick.o)
 .text.EE_oo_handle_action
                0x0000245c       0x28 .\CortexM3\ARM_GCC_541\Debug\ElectronicClock.a(ErikaOS_ee_altick.o)
 .text.EE_oo_counter_object_insert
                0x00002484       0x9c .\CortexM3\ARM_GCC_541\Debug\ElectronicClock.a(ErikaOS_ee_altick.o)
                0x00002484                EE_oo_counter_object_insert
 .text.EE_oo_IncrementCounterImplementation
                0x00002520      0x100 .\CortexM3\ARM_GCC_541\Debug\ElectronicClock.a(ErikaOS_ee_altick.o)
                0x00002520                EE_oo_IncrementCounterImplementation
 .text.EE_oo_IncrementCounter
                0x00002620       0xb0 .\CortexM3\ARM_GCC_541\Debug\ElectronicClock.a(ErikaOS_ee_altick.o)
                0x00002620                EE_oo_IncrementCounter
 .text.EE_oo_ClearEvent
                0x000026d0       0x5c .\CortexM3\ARM_GCC_541\Debug\ElectronicClock.a(ErikaOS_ee_evclear.o)
                0x000026d0                EE_oo_ClearEvent
 .text.EE_oo_GetEvent
                0x0000272c       0x40 .\CortexM3\ARM_GCC_541\Debug\ElectronicClock.a(ErikaOS_ee_evget.o)
                0x0000272c                EE_oo_GetEvent
 .text.EE_oo_SetEvent
                0x0000276c      0x100 .\CortexM3\ARM_GCC_541\Debug\ElectronicClock.a(ErikaOS_ee_evset.o)
                0x0000276c                EE_oo_SetEvent
 .text.EE_oo_WaitEvent
                0x0000286c      0x124 .\CortexM3\ARM_GCC_541\Debug\ElectronicClock.a(ErikaOS_ee_evwait.o)
                0x0000286c                EE_oo_WaitEvent
 .text.EE_IRQ_run_next_task
                0x00002990       0x30 .\CortexM3\ARM_GCC_541\Debug\ElectronicClock.a(ErikaOS_ee_irqendin.o)
 .text.EE_IRQ_end_instance
                0x000029c0       0x68 .\CortexM3\ARM_GCC_541\Debug\ElectronicClock.a(ErikaOS_ee_irqendin.o)
                0x000029c0                EE_IRQ_end_instance
 .text.EE_IRQ_end_post_stub
                0x00002a28       0x14 .\CortexM3\ARM_GCC_541\Debug\ElectronicClock.a(ErikaOS_ee_irqendin.o)
                0x00002a28                EE_IRQ_end_post_stub
 .text.EE_oo_GetResource
                0x00002a3c       0xa8 .\CortexM3\ARM_GCC_541\Debug\ElectronicClock.a(ErikaOS_ee_lockres.o)
                0x00002a3c                EE_oo_GetResource
 .text.EE_rq2stk_exchange
                0x00002ae4       0x88 .\CortexM3\ARM_GCC_541\Debug\ElectronicClock.a(ErikaOS_ee_rq_exchg.o)
                0x00002ae4                EE_rq2stk_exchange
 .text.EE_rq_queryfirst
                0x00002b6c       0x44 .\CortexM3\ARM_GCC_541\Debug\ElectronicClock.a(ErikaOS_ee_rq_first.o)
                0x00002b6c                EE_rq_queryfirst
 .text.EE_rq_insert
                0x00002bb0       0x74 .\CortexM3\ARM_GCC_541\Debug\ElectronicClock.a(ErikaOS_ee_rq_inser.o)
                0x00002bb0                EE_rq_insert
 .text.compute_task_tid
                0x00002c24       0x10 .\CortexM3\ARM_GCC_541\Debug\ElectronicClock.a(ErikaOS_ee_startos.o)
 .text.EE_oo_start_os
                0x00002c34        0xc .\CortexM3\ARM_GCC_541\Debug\ElectronicClock.a(ErikaOS_ee_startos.o)
 .text.EE_oo_autostart_tasks
                0x00002c40       0x60 .\CortexM3\ARM_GCC_541\Debug\ElectronicClock.a(ErikaOS_ee_startos.o)
 .text.EE_oo_autostart_os
                0x00002ca0        0xc .\CortexM3\ARM_GCC_541\Debug\ElectronicClock.a(ErikaOS_ee_startos.o)
 .text.EE_oo_StartOS
                0x00002cac       0x8c .\CortexM3\ARM_GCC_541\Debug\ElectronicClock.a(ErikaOS_ee_startos.o)
                0x00002cac                EE_oo_StartOS
 .text.EE_oo_TerminateTask
                0x00002d38       0x50 .\CortexM3\ARM_GCC_541\Debug\ElectronicClock.a(ErikaOS_ee_terminat.o)
                0x00002d38                EE_oo_TerminateTask
 .text.EE_oo_ReleaseResource
                0x00002d88      0x124 .\CortexM3\ARM_GCC_541\Debug\ElectronicClock.a(ErikaOS_ee_ulockres.o)
                0x00002d88                EE_oo_ReleaseResource
 .text.EE_system_init
                0x00002eac       0x60 .\CortexM3\ARM_GCC_541\Debug\ElectronicClock.a(ErikaOS_cortex_mx_ee_utils.o)
                0x00002eac                EE_system_init
 .text.UART_LOG_Init
                0x00002f0c       0x60 .\CortexM3\ARM_GCC_541\Debug\ElectronicClock.a(UART_LOG.o)
                0x00002f0c                UART_LOG_Init
 .text.UART_LOG_Enable
                0x00002f6c       0x50 .\CortexM3\ARM_GCC_541\Debug\ElectronicClock.a(UART_LOG.o)
                0x00002f6c                UART_LOG_Enable
 .text.UART_LOG_Start
                0x00002fbc       0x1c .\CortexM3\ARM_GCC_541\Debug\ElectronicClock.a(UART_LOG.o)
                0x00002fbc                UART_LOG_Start
 .text.UART_LOG_PutChar
                0x00002fd8       0x70 .\CortexM3\ARM_GCC_541\Debug\ElectronicClock.a(UART_LOG.o)
                0x00002fd8                UART_LOG_PutChar
 .text.UART_LOG_PutString
                0x00003048       0x24 .\CortexM3\ARM_GCC_541\Debug\ElectronicClock.a(UART_LOG.o)
                0x00003048                UART_LOG_PutString
 .text.UART_LOG_RXISR
                0x0000306c       0x98 .\CortexM3\ARM_GCC_541\Debug\ElectronicClock.a(UART_LOG_INT.o)
                0x0000306c                UART_LOG_RXISR
 .text.UART_LOG_TXISR
                0x00003104       0x58 .\CortexM3\ARM_GCC_541\Debug\ElectronicClock.a(UART_LOG_INT.o)
                0x00003104                UART_LOG_TXISR
 .text.TFT_SPI_Enable
                0x0000315c       0x34 .\CortexM3\ARM_GCC_541\Debug\ElectronicClock.a(TFT_SPI.o)
                0x0000315c                TFT_SPI_Enable
 .text.TFT_SPI_ReadTxStatus
                0x00003190        0xc .\CortexM3\ARM_GCC_541\Debug\ElectronicClock.a(TFT_SPI.o)
                0x00003190                TFT_SPI_ReadTxStatus
 .text.TFT_SPI_ReadRxStatus
                0x0000319c        0xc .\CortexM3\ARM_GCC_541\Debug\ElectronicClock.a(TFT_SPI.o)
                0x0000319c                TFT_SPI_ReadRxStatus
 .text.TFT_SPI_WriteTxData
                0x000031a8       0x18 .\CortexM3\ARM_GCC_541\Debug\ElectronicClock.a(TFT_SPI.o)
                0x000031a8                TFT_SPI_WriteTxData
 .text.TFT_SPI_ClearFIFO
                0x000031c0       0x3c .\CortexM3\ARM_GCC_541\Debug\ElectronicClock.a(TFT_SPI.o)
                0x000031c0                TFT_SPI_ClearFIFO
 .text.TFT_SPI_Init
                0x000031fc       0x28 .\CortexM3\ARM_GCC_541\Debug\ElectronicClock.a(TFT_SPI.o)
                0x000031fc                TFT_SPI_Init
 .text.TFT_SPI_Start
                0x00003224       0x1c .\CortexM3\ARM_GCC_541\Debug\ElectronicClock.a(TFT_SPI.o)
                0x00003224                TFT_SPI_Start
 .text.TFT_DC_Write
                0x00003240       0x18 .\CortexM3\ARM_GCC_541\Debug\ElectronicClock.a(TFT_DC.o)
                0x00003240                TFT_DC_Write
 .text.TFT_RES_Write
                0x00003258       0x18 .\CortexM3\ARM_GCC_541\Debug\ElectronicClock.a(TFT_RES.o)
                0x00003258                TFT_RES_Write
 .text.TFT_BackLight_Enable
                0x00003270       0x28 .\CortexM3\ARM_GCC_541\Debug\ElectronicClock.a(TFT_BackLight.o)
                0x00003270                TFT_BackLight_Enable
 .text.TFT_BackLight_WritePeriod
                0x00003298        0xc .\CortexM3\ARM_GCC_541\Debug\ElectronicClock.a(TFT_BackLight.o)
                0x00003298                TFT_BackLight_WritePeriod
 .text.TFT_BackLight_WriteCompare
                0x000032a4        0xc .\CortexM3\ARM_GCC_541\Debug\ElectronicClock.a(TFT_BackLight.o)
                0x000032a4                TFT_BackLight_WriteCompare
 .text.TFT_BackLight_SetInterruptMode
                0x000032b0        0xc .\CortexM3\ARM_GCC_541\Debug\ElectronicClock.a(TFT_BackLight.o)
                0x000032b0                TFT_BackLight_SetInterruptMode
 .text.TFT_BackLight_Init
                0x000032bc       0x74 .\CortexM3\ARM_GCC_541\Debug\ElectronicClock.a(TFT_BackLight.o)
                0x000032bc                TFT_BackLight_Init
 .text.TFT_BackLight_Start
                0x00003330       0x1c .\CortexM3\ARM_GCC_541\Debug\ElectronicClock.a(TFT_BackLight.o)
                0x00003330                TFT_BackLight_Start
 .text.UART_LOG_IntClock_Start
                0x0000334c       0x1c .\CortexM3\ARM_GCC_541\Debug\ElectronicClock.a(UART_LOG_IntClock.o)
                0x0000334c                UART_LOG_IntClock_Start
 .text.TFT_SPI_IntClock_Start
                0x00003368       0x1c .\CortexM3\ARM_GCC_541\Debug\ElectronicClock.a(TFT_SPI_IntClock.o)
                0x00003368                TFT_SPI_IntClock_Start
 .text.CyHalt   0x00003384        0x4 .\CortexM3\ARM_GCC_541\Debug\ElectronicClock.a(CyLib.o)
                0x00003384                CyHalt
 .text.CyDelay  0x00003388       0x2c .\CortexM3\ARM_GCC_541\Debug\ElectronicClock.a(CyLib.o)
                0x00003388                CyDelay
 .text.CyIntSetVector
                0x000033b4       0x28 .\CortexM3\ARM_GCC_541\Debug\ElectronicClock.a(CyLib.o)
                0x000033b4                CyIntSetVector
 .text.CyIntSetPriority
                0x000033dc       0x30 .\CortexM3\ARM_GCC_541\Debug\ElectronicClock.a(CyLib.o)
                0x000033dc                CyIntSetPriority
 .text.button_1_Read
                0x0000340c       0x10 .\CortexM3\ARM_GCC_541\Debug\ElectronicClock.a(button_1.o)
                0x0000340c                button_1_Read
 .text.button_2_Read
                0x0000341c       0x10 .\CortexM3\ARM_GCC_541\Debug\ElectronicClock.a(button_2.o)
                0x0000341c                button_2_Read
 .text          0x0000342c       0x7c .\CortexM3\ARM_GCC_541\Debug\ElectronicClock.a(ErikaOS_ee_gnu_change_context_isr.o)
                0x0000342c                EE_set_switch_context_pri
                0x00003446                EE_switch_context
                0x00003450                EE_cortex_mx_pendsv_ISR
                0x0000348c                EE_cortex_mx_svc_ISR
 .text          0x000034a8       0x24 .\CortexM3\ARM_GCC_541\Debug\ElectronicClock.a(ErikaOS_ee_gnu_irq_stack.o)
                0x000034a8                EE_cortex_mx_change_IRQ_stack
                0x000034ba                EE_cortex_mx_change_IRQ_stack_back
 .text          0x000034cc       0x68 .\CortexM3\ARM_GCC_541\Debug\ElectronicClock.a(ErikaOS_ee_gnu_multi_context.o)
                0x000034cc                EE_cortex_mx_change_context
 .text          0x00003534       0x80 .\CortexM3\ARM_GCC_541\Debug\ElectronicClock.a(ErikaOS_ee_gnu_oo.o)
                0x00003534                EE_hal_terminate_savestk
                0x0000357e                EE_hal_terminate_task
 *fill*         0x000035b4        0x4 
 .text          0x000035b8       0x20 .\CortexM3\ARM_GCC_541\Debug\ElectronicClock.a(CyBootAsmGnu.o)
                0x000035b8                CyDelayCycles
                0x000035c8                CyEnterCriticalSection
                0x000035d0                CyExitCriticalSection
 .text.EE_thread_not_terminated
                0x000035d8       0x18 .\CortexM3\ARM_GCC_541\Debug\ElectronicClock.a(ErikaOS_ee_tnterm.o)
                0x000035d8                EE_thread_not_terminated
 .text.EE_oo_thread_stub
                0x000035f0       0x10 .\CortexM3\ARM_GCC_541\Debug\ElectronicClock.a(ErikaOS_ee_tstub.o)
                0x000035f0                EE_oo_thread_stub
 .text.EE_oo_release_all_resources
                0x00003600       0x58 .\CortexM3\ARM_GCC_541\Debug\ElectronicClock.a(ErikaOS_ee_ulockallres.o)
                0x00003600                EE_oo_release_all_resources
 .text.EE_std_run_task_code
                0x00003658       0x18 .\CortexM3\ARM_GCC_541\Debug\ElectronicClock.a(ErikaOS_cortex_mx_ee_context.o)
                0x00003658                EE_std_run_task_code
 .text.EE_std_need_context_change
                0x00003670       0x28 .\CortexM3\ARM_GCC_541\Debug\ElectronicClock.a(ErikaOS_cortex_mx_ee_context.o)
                0x00003670                EE_std_need_context_change
 .text.EE_thread_rnact_max
                0x00003698       0x20 .\CortexM3\ARM_GCC_541\Debug\ElectronicClock.a(ErikaOS_ee_thendin.o)
 .text.EE_thread_endcycle_next
                0x000036b8       0x30 .\CortexM3\ARM_GCC_541\Debug\ElectronicClock.a(ErikaOS_ee_thendin.o)
 .text.EE_thread_end_instance
                0x000036e8      0x108 .\CortexM3\ARM_GCC_541\Debug\ElectronicClock.a(ErikaOS_ee_thendin.o)
                0x000036e8                EE_thread_end_instance
 .text.__errno  0x000037f0        0xc c:/program files (x86)/cypress/psoc creator/4.4/psoc creator/import/gnu/arm/5.4.1/bin/../lib/gcc/arm-none-eabi/5.4.1/../../../../arm-none-eabi/lib/armv7-m\libg_nano.a(lib_a-errno.o)
                0x000037f0                __errno
 .text.__libc_init_array
                0x000037fc       0x4c c:/program files (x86)/cypress/psoc creator/4.4/psoc creator/import/gnu/arm/5.4.1/bin/../lib/gcc/arm-none-eabi/5.4.1/../../../../arm-none-eabi/lib/armv7-m\libg_nano.a(lib_a-init.o)
                0x000037fc                __libc_init_array
 .text.memcpy   0x00003848       0x16 c:/program files (x86)/cypress/psoc creator/4.4/psoc creator/import/gnu/arm/5.4.1/bin/../lib/gcc/arm-none-eabi/5.4.1/../../../../arm-none-eabi/lib/armv7-m\libg_nano.a(lib_a-memcpy-stub.o)
                0x00003848                memcpy
 .text.memset   0x0000385e       0x10 c:/program files (x86)/cypress/psoc creator/4.4/psoc creator/import/gnu/arm/5.4.1/bin/../lib/gcc/arm-none-eabi/5.4.1/../../../../arm-none-eabi/lib/armv7-m\libg_nano.a(lib_a-memset.o)
                0x0000385e                memset
 *(.plt)
 *(.gnu.warning)
 *(.glue_7t)
 .glue_7t       0x0000386e        0x0 linker stubs
 *(.glue_7)
 .glue_7        0x0000386e        0x0 linker stubs
 *(.vfp11_veneer)
 .vfp11_veneer  0x0000386e        0x0 linker stubs
 *(.bootloader)
 *(.ARM.extab* .gnu.linkonce.armextab.*)
 *(.gcc_except_table)

.v4_bx          0x00003870        0x0
 .v4_bx         0x00003870        0x0 linker stubs

.iplt           0x00003870        0x0
 .iplt          0x00003870        0x0 c:/program files (x86)/cypress/psoc creator/4.4/psoc creator/import/gnu/arm/5.4.1/bin/../lib/gcc/arm-none-eabi/5.4.1/armv7-m/crtbegin.o

.eh_frame_hdr
 *(.eh_frame_hdr)

.eh_frame       0x00003870        0x4
 *(.eh_frame)
 .eh_frame      0x00003870        0x0 c:/program files (x86)/cypress/psoc creator/4.4/psoc creator/import/gnu/arm/5.4.1/bin/../lib/gcc/arm-none-eabi/5.4.1/armv7-m/crtbegin.o
 .eh_frame      0x00003870        0x4 c:/program files (x86)/cypress/psoc creator/4.4/psoc creator/import/gnu/arm/5.4.1/bin/../lib/gcc/arm-none-eabi/5.4.1/armv7-m/crtend.o
                [!provide]                PROVIDE (__exidx_start, .)

.ARM.exidx
 *(.ARM.exidx* .gnu.linkonce.armexidx.*)
                0x00003874                __exidx_end = .

.rodata         0x00003874      0xc04
 *(.rodata .rodata.* .gnu.linkonce.r.*)
 .rodata        0x00003874      0x12c .\CortexM3\ARM_GCC_541\Debug\swc_clock_control.o
 .rodata.str1.4
                0x000039a0      0x1a0 .\CortexM3\ARM_GCC_541\Debug\swc_clock_control.o
                                0x1a4 (size before relaxing)
 .rodata        0x00003b40        0xa .\CortexM3\ARM_GCC_541\Debug\tsk_control.o
                0x00003b40                RTE_eventActivationTable_tsk_control
                0x00003b48                RTE_eventActivation_tsk_control_size
 *fill*         0x00003b4a        0x2 
 .rodata        0x00003b4c        0xa .\CortexM3\ARM_GCC_541\Debug\tsk_display.o
                0x00003b4c                RTE_cyclicActivationTable_tsk_display
                0x00003b54                RTE_cyclicActivation_tsk_display_size
 *fill*         0x00003b56        0x2 
 .rodata        0x00003b58        0xa .\CortexM3\ARM_GCC_541\Debug\tsk_input.o
                0x00003b58                RTE_cyclicActivationTable_tsk_input
                0x00003b60                RTE_cyclicActivation_tsk_input_size
 *fill*         0x00003b62        0x2 
 .rodata.str1.4
                0x00003b64       0x14 .\CortexM3\ARM_GCC_541\Debug\logging.o
                                 0x18 (size before relaxing)
 .rodata        0x00003b78      0x558 .\CortexM3\ARM_GCC_541\Debug\tft.o
 .rodata.str1.4
                0x000040d0       0x14 .\CortexM3\ARM_GCC_541\Debug\tft.o
 .rodata        0x000040e4       0x54 .\CortexM3\ARM_GCC_541\Debug\sp_common.o
                0x0000410c                so_EVENT_updTasks
 .rodata        0x00004138       0x62 .\CortexM3\ARM_GCC_541\Debug\cyfitter_cfg.o
 *fill*         0x0000419a        0x2 
 .rodata        0x0000419c      0x100 .\CortexM3\ARM_GCC_541\Debug\ElectronicClock.a(ErikaOS_ee_lookup.o)
                0x0000419c                EE_rq_lookup
 .rodata        0x0000429c      0x104 .\CortexM3\ARM_GCC_541\Debug\ElectronicClock.a(ErikaOS_eecfg.o)
                0x0000429c                EE_oo_autostart_task_data
                0x000042a8                EE_oo_action_ROM
                0x000042bc                EE_oo_counter_object_ROM
                0x000042c8                EE_ALARM_ID
                0x000042cc                EE_alarm_ROM
                0x000042d0                EE_counter_ROM
                0x000042dc                EE_resource_ceiling
                0x000042e4                EE_th_is_extended
                0x000042fc                EE_th_rnact_max
                0x00004314                EE_th_dispatch_prio
                0x0000432c                EE_EVENT_ID
                0x00004334                EE_RESOURCE_ID
                0x0000433c                EE_th_ready_prio
                0x00004354                EE_terminate_real_th_body
                0x0000436c                EE_hal_thread_body
                0x00004384                EE_std_thread_tos
 .rodata.str1.4
                0x000043a0       0x9c .\CortexM3\ARM_GCC_541\Debug\ElectronicClock.a(ErikaOS_eecfg.o)
 .rodata.str1.1
                0x0000443c        0x2 c:/program files (x86)/cypress/psoc creator/4.4/psoc creator/import/gnu/arm/5.4.1/bin/../lib/gcc/arm-none-eabi/5.4.1/../../../../arm-none-eabi/lib/armv7-m\libg_nano.a(lib_a-impure.o)
                0x00004440                . = ALIGN (0x4)
 *fill*         0x0000443e        0x2 
 *(.init)
 .init          0x00004440        0x4 c:/program files (x86)/cypress/psoc creator/4.4/psoc creator/import/gnu/arm/5.4.1/bin/../lib/gcc/arm-none-eabi/5.4.1/armv7-m/crti.o
                0x00004440                _init
 .init          0x00004444        0x8 c:/program files (x86)/cypress/psoc creator/4.4/psoc creator/import/gnu/arm/5.4.1/bin/../lib/gcc/arm-none-eabi/5.4.1/armv7-m/crtn.o
                0x0000444c                . = ALIGN (0x4)
                0x0000444c                __preinit_array_start = .
 *(.preinit_array)
                0x0000444c                __preinit_array_end = .
                0x0000444c                . = ALIGN (0x4)
                0x0000444c                __init_array_start = .
 *(SORT(.init_array.*))
 *(.init_array)
 .init_array    0x0000444c        0x4 c:/program files (x86)/cypress/psoc creator/4.4/psoc creator/import/gnu/arm/5.4.1/bin/../lib/gcc/arm-none-eabi/5.4.1/armv7-m/crtbegin.o
 .init_array    0x00004450        0x4 .\CortexM3\ARM_GCC_541\Debug\Cm3Start.o
                0x00004454                __init_array_end = .
                0x00004454                . = ALIGN (0x4)
 *(.fini)
 .fini          0x00004454        0x4 c:/program files (x86)/cypress/psoc creator/4.4/psoc creator/import/gnu/arm/5.4.1/bin/../lib/gcc/arm-none-eabi/5.4.1/armv7-m/crti.o
                0x00004454                _fini
 .fini          0x00004458        0x8 c:/program files (x86)/cypress/psoc creator/4.4/psoc creator/import/gnu/arm/5.4.1/bin/../lib/gcc/arm-none-eabi/5.4.1/armv7-m/crtn.o
                0x00004460                . = ALIGN (0x4)
                0x00004460                __fini_array_start = .
 *(.fini_array)
 .fini_array    0x00004460        0x4 c:/program files (x86)/cypress/psoc creator/4.4/psoc creator/import/gnu/arm/5.4.1/bin/../lib/gcc/arm-none-eabi/5.4.1/armv7-m/crtbegin.o
 *(SORT(.fini_array.*))
                0x00004464                __fini_array_end = .
                0x00004464                . = ALIGN (0x4)
 *crtbegin.o(.ctors)
 *(EXCLUDE_FILE(*crtend.o) .ctors)
 *(SORT(.ctors.*))
 *crtend.o(.ctors)
                0x00004464                . = ALIGN (0x4)
 *crtbegin.o(.dtors)
 *(EXCLUDE_FILE(*crtend.o) .dtors)
 *(SORT(.dtors.*))
 *crtend.o(.dtors)
                0x00004464                . = ALIGN (0x4)
                0x00004464                __cy_regions = .
                0x00004464        0x4 LONG 0x4478 __cy_region_init_ram
                0x00004468        0x4 LONG 0x1fff80c8 __cy_region_start_data
                0x0000446c        0x4 LONG 0x250 __cy_region_init_size_ram
                0x00004470        0x4 LONG 0x3888 __cy_region_zero_size_ram
                0x00004474                __cy_regions_end = .
                0x00004478                . = ALIGN (0x8)
 *fill*         0x00004474        0x4 
                0x00004478                _etext = .

.cy_checksum_exclude
                0x00004478        0x0
 *(.cy_checksum_exclude)

.ramvectors     0x1fff8000       0xc0
                0x1fff8000                __cy_region_start_ram = .
 *(.ramvectors)
 .ramvectors    0x1fff8000       0xc0 .\CortexM3\ARM_GCC_541\Debug\Cm3Start.o
                0x1fff8000                CyRamVectors

.noinit         0x1fff80c0        0x1
 *(.noinit)
 .noinit        0x1fff80c0        0x1 .\CortexM3\ARM_GCC_541\Debug\ElectronicClock.a(CyLib.o)
                0x1fff80c0                CyResetStatus

.data           0x1fff80c8      0x250 load address 0x00004478
                0x1fff80c8                __cy_region_start_data = .
 *(.jcr)
 .jcr           0x1fff80c8        0x0 c:/program files (x86)/cypress/psoc creator/4.4/psoc creator/import/gnu/arm/5.4.1/bin/../lib/gcc/arm-none-eabi/5.4.1/armv7-m/crtbegin.o
 .jcr           0x1fff80c8        0x4 c:/program files (x86)/cypress/psoc creator/4.4/psoc creator/import/gnu/arm/5.4.1/bin/../lib/gcc/arm-none-eabi/5.4.1/armv7-m/crtend.o
 *(.got.plt)
 *(.got)
 *(.shdata)
 *(.data .data.* .gnu.linkonce.d.*)
 .data          0x1fff80cc       0x50 .\CortexM3\ARM_GCC_541\Debug\sp_common.o
                0x1fff80cc                SO_CLOCK_signal
                0x1fff8110                SO_EVENT_signal
 .data          0x1fff811c      0x180 .\CortexM3\ARM_GCC_541\Debug\ElectronicClock.a(ErikaOS_eecfg.o)
                0x1fff811c                EE_ALARM_NAME
                0x1fff8120                EE_counter_RAM
                0x1fff8128                EE_resource_stack
                0x1fff8130                EE_th_resource_last
                0x1fff8148                EE_th_terminate_nextask
                0x1fff8160                EE_rq_pairs_next
                0x1fff8178                EE_rq_link
                0x1fff8190                EE_th_rnact
                0x1fff81a8                EE_rq_queues_tail
                0x1fff81e8                EE_rq_queues_head
                0x1fff8228                EE_stkfirst
                0x1fff822c                EE_th_next
                0x1fff8244                EE_th_status
                0x1fff825c                EE_EVENT_NAME
                0x1fff8264                EE_RESOURCE_NAME
                0x1fff826c                EE_TASK_NAME
                0x1fff8284                EE_cortex_mx_IRQ_tos
                0x1fff8288                EE_cortex_mx_system_tos
 .data          0x1fff829c       0x10 .\CortexM3\ARM_GCC_541\Debug\ElectronicClock.a(CyLib.o)
                0x1fff829c                cydelay_32k_ms
                0x1fff82a0                cydelay_freq_khz
                0x1fff82a4                cydelay_freq_mhz
                0x1fff82a8                cydelay_freq_hz
 .data          0x1fff82ac        0x4 .\CortexM3\ARM_GCC_541\Debug\ElectronicClock.a(ErikaOS_ee_gnu_irq_stack.o)
 .data.impure_data
                0x1fff82b0       0x60 c:/program files (x86)/cypress/psoc creator/4.4/psoc creator/import/gnu/arm/5.4.1/bin/../lib/gcc/arm-none-eabi/5.4.1/../../../../arm-none-eabi/lib/armv7-m\libg_nano.a(lib_a-impure.o)
 .data._impure_ptr
                0x1fff8310        0x4 c:/program files (x86)/cypress/psoc creator/4.4/psoc creator/import/gnu/arm/5.4.1/bin/../lib/gcc/arm-none-eabi/5.4.1/../../../../arm-none-eabi/lib/armv7-m\libg_nano.a(lib_a-impure.o)
                0x1fff8310                _impure_ptr
                0x1fff8318                . = ALIGN (0x8)
 *fill*         0x1fff8314        0x4 
 *(.ram)
                0x1fff8318                _edata = .

.igot.plt       0x1fff8318        0x0 load address 0x000046c8
 .igot.plt      0x1fff8318        0x0 c:/program files (x86)/cypress/psoc creator/4.4/psoc creator/import/gnu/arm/5.4.1/bin/../lib/gcc/arm-none-eabi/5.4.1/armv7-m/crtbegin.o

.bss            0x1fff8318     0x3888 load address 0x000046c8
                0x1fff8318                PROVIDE (__bss_start__, .)
 *(.shbss)
 *(.bss .bss.* .gnu.linkonce.b.*)
 .bss           0x1fff8318       0x1c c:/program files (x86)/cypress/psoc creator/4.4/psoc creator/import/gnu/arm/5.4.1/bin/../lib/gcc/arm-none-eabi/5.4.1/armv7-m/crtbegin.o
 .bss           0x1fff8334        0x8 .\CortexM3\ARM_GCC_541\Debug\main.o
 .bss           0x1fff833c       0x22 .\CortexM3\ARM_GCC_541\Debug\swc_clock_control.o
                0x1fff833c                increment1Min_st
                0x1fff833d                autoIncrement_st
 *fill*         0x1fff835e        0x2 
 .bss           0x1fff8360       0x22 .\CortexM3\ARM_GCC_541\Debug\swc_clock_display.o
 *fill*         0x1fff8382        0x2 
 .bss           0x1fff8384        0x4 .\CortexM3\ARM_GCC_541\Debug\swc_clock_input.o
 .bss           0x1fff8388        0x4 .\CortexM3\ARM_GCC_541\Debug\tsk_display.o
 .bss           0x1fff838c        0x4 .\CortexM3\ARM_GCC_541\Debug\tsk_input.o
 .bss           0x1fff8390       0xe6 .\CortexM3\ARM_GCC_541\Debug\tft.o
 *fill*         0x1fff8476        0x2 
 .bss           0x1fff8478       0x60 .\CortexM3\ARM_GCC_541\Debug\ElectronicClock.a(ErikaOS_eecfg.o)
                0x1fff8478                EE_resource_locked
                0x1fff8480                EE_th_waswaiting
                0x1fff8498                EE_th_event_waitmask
                0x1fff84b0                EE_th_event_active
                0x1fff84c8                EE_rq_free
                0x1fff84cc                EE_rq_bitmask
                0x1fff84d0                EE_sys_ceiling
                0x1fff84d4                EE_cortex_mx_active_tos
 .bss           0x1fff84d8        0x9 .\CortexM3\ARM_GCC_541\Debug\ElectronicClock.a(UART_LOG.o)
                0x1fff84d8                UART_LOG_errorStatus
                0x1fff84d9                UART_LOG_initVar
                0x1fff84da                UART_LOG_rxBufferRead
                0x1fff84db                UART_LOG_rxBufferWrite
                0x1fff84dc                UART_LOG_rxBufferLoopDetect
                0x1fff84dd                UART_LOG_rxBufferOverflow
                0x1fff84de                UART_LOG_txBufferRead
                0x1fff84df                UART_LOG_txBufferWrite
 .bss           0x1fff84e1        0x1 .\CortexM3\ARM_GCC_541\Debug\ElectronicClock.a(TFT_SPI.o)
                0x1fff84e1                TFT_SPI_initVar
 .bss           0x1fff84e2        0x1 .\CortexM3\ARM_GCC_541\Debug\ElectronicClock.a(TFT_BackLight.o)
                0x1fff84e2                TFT_BackLight_initVar
 *(COMMON)
 *fill*         0x1fff84e3        0x1 
 COMMON         0x1fff84e4        0x8 .\CortexM3\ARM_GCC_541\Debug\ElectronicClock.a(ErikaOS_ee_lookup.o)
                0x1fff84e4                EE_oo_IRQ_disable_count
                0x1fff84e8                EE_oo_IRQ_suspend_status
 COMMON         0x1fff84ec        0x4 .\CortexM3\ARM_GCC_541\Debug\ElectronicClock.a(ErikaOS_ee_startos.o)
                0x1fff84ec                EE_oo_started
 COMMON         0x1fff84f0        0x8 .\CortexM3\ARM_GCC_541\Debug\ElectronicClock.a(ErikaOS_common_ee_hal_structs.o)
                0x1fff84f0                EE_IRQ_nesting_level
                0x1fff84f4                EE_std_endcycle_next_tid
 COMMON         0x1fff84f8     0x3514 .\CortexM3\ARM_GCC_541\Debug\ElectronicClock.a(ErikaOS_eecfg.o)
                0x1fff84f8                EE_cortex_mx_stack_3
                0x1fff9498                EE_rq_pairs_tid
                0x1fff94b0                EE_terminate_data
                0x1fff94c8                EE_oo_counter_object_RAM
                0x1fff94d8                EE_resource_oldceiling
                0x1fff94e0                EE_cortex_mx_stack_2
                0x1fff98c8                EE_ApplicationMode
                0x1fff98cc                EE_cortex_mx_stack_4
                0x1fffa86c                EE_cortex_mx_stack_9
                0x1fffaa6c                EE_cortex_mx_stack_6
 COMMON         0x1fffba0c      0x190 .\CortexM3\ARM_GCC_541\Debug\ElectronicClock.a(UART_LOG.o)
                0x1fffba0c                UART_LOG_rxBuffer
                0x1fffbad4                UART_LOG_txBuffer
                0x1fffbba0                . = ALIGN (0x8)
 *fill*         0x1fffbb9c        0x4 
 *(.ram.b)
                0x1fffbba0                _end = .
                0x1fffbba0                __end = .
                0x1fffbba0                PROVIDE (end, .)
                0x1fffbba0                PROVIDE (__bss_end__, .)
                0x00004478                __cy_region_init_ram = LOADADDR (.data)
                0x00000250                __cy_region_init_size_ram = (_edata - ADDR (.data))
                0x00003888                __cy_region_zero_size_ram = (_end - _edata)

.heap           0x1fffbba0       0x80 load address 0x000046c8
                0x1fffbba0                . = _end
                0x1fffbc20                . = (. + 0x80)
 *fill*         0x1fffbba0       0x80 
                0x1fffbc20                __cy_heap_limit = .

.stack          0x20007800      0x800
                0x20007800                __cy_stack_limit = .
                0x20008000                . = (. + 0x800)
 *fill*         0x20007800      0x800 
                0x00000001                ASSERT ((__cy_stack_limit >= __cy_heap_limit), region RAM overflowed with stack)
                0x00000000                cy_checksum_exclude_size = (CY_APPL_LOADABLE == 0x1)?SIZEOF (.cy_checksum_exclude):0x0
                0x00000001                ASSERT ((cy_checksum_exclude_size <= CY_CHECKSUM_EXCLUDE_SIZE), CY_BOOT: Section .cy_checksum_exclude size exceedes specified limit.)

.cyloadermeta
 *(.cyloadermeta)

.cyloadablemeta
 *(.cyloadablemeta)

.cyconfigecc    0x80000000      0x598
 *(.cyconfigecc)
 .cyconfigecc   0x80000000      0x598 .\CortexM3\ARM_GCC_541\Debug\cymetadata.o
                0x80000000                cy_meta_configecc

.cycustnvl      0x90000000        0x4
 *(.cycustnvl)
 .cycustnvl     0x90000000        0x4 .\CortexM3\ARM_GCC_541\Debug\cymetadata.o
                0x90000000                cy_meta_custnvl

.cywolatch      0x90100000        0x4
 *(.cywolatch)
 .cywolatch     0x90100000        0x4 .\CortexM3\ARM_GCC_541\Debug\cymetadata.o
                0x90100000                cy_meta_wonvl

.cyeeprom       0x90200000        0x0
 *(.cyeeprom)
                0x00000001                ASSERT ((. <= ((0x90200000 + ee_offset) + ee_size)), .cyeeprom data will not fit in EEPROM)

.cyflashprotect
                0x90400000      0x100
 *(.cyflashprotect)
 .cyflashprotect
                0x90400000      0x100 .\CortexM3\ARM_GCC_541\Debug\cymetadata.o
                0x90400000                cy_meta_flashprotect

.cymeta         0x90500000        0xc
 *(.cymeta)
 .cymeta        0x90500000        0xc .\CortexM3\ARM_GCC_541\Debug\cymetadata.o
                0x90500000                cy_metadata

.rel.dyn        0x000046c8        0x0 load address 0x9050000c
 .rel.iplt      0x000046c8        0x0 c:/program files (x86)/cypress/psoc creator/4.4/psoc creator/import/gnu/arm/5.4.1/bin/../lib/gcc/arm-none-eabi/5.4.1/armv7-m/crtbegin.o

.stab
 *(.stab)

.stabstr
 *(.stabstr)

.debug
 *(.debug)

.line
 *(.line)

.debug_srcinfo
 *(.debug_srcinfo)

.debug_sfnames
 *(.debug_sfnames)

.debug_aranges  0x00000000     0x11d8
 *(.debug_aranges)
 .debug_aranges
                0x00000000       0x68 .\CortexM3\ARM_GCC_541\Debug\main.o
 .debug_aranges
                0x00000068       0x20 .\CortexM3\ARM_GCC_541\Debug\tsk_background.o
 .debug_aranges
                0x00000088       0xc8 .\CortexM3\ARM_GCC_541\Debug\swc_clock_control.o
 .debug_aranges
                0x00000150       0x20 .\CortexM3\ARM_GCC_541\Debug\swc_clock_display.o
 .debug_aranges
                0x00000170       0x20 .\CortexM3\ARM_GCC_541\Debug\swc_clock_input.o
 .debug_aranges
                0x00000190       0x20 .\CortexM3\ARM_GCC_541\Debug\tsk_control.o
 .debug_aranges
                0x000001b0       0x20 .\CortexM3\ARM_GCC_541\Debug\tsk_display.o
 .debug_aranges
                0x000001d0       0x20 .\CortexM3\ARM_GCC_541\Debug\tsk_input.o
 .debug_aranges
                0x000001f0       0x20 .\CortexM3\ARM_GCC_541\Debug\tsk_system.o
 .debug_aranges
                0x00000210       0x30 .\CortexM3\ARM_GCC_541\Debug\clock_statemachine.o
 .debug_aranges
                0x00000240       0x28 .\CortexM3\ARM_GCC_541\Debug\button.o
 .debug_aranges
                0x00000268       0x28 .\CortexM3\ARM_GCC_541\Debug\logging.o
 .debug_aranges
                0x00000290      0x178 .\CortexM3\ARM_GCC_541\Debug\tft.o
 .debug_aranges
                0x00000408       0x20 .\CortexM3\ARM_GCC_541\Debug\intToASCII.o
 .debug_aranges
                0x00000428       0x28 .\CortexM3\ARM_GCC_541\Debug\rte.o
 .debug_aranges
                0x00000450       0x20 .\CortexM3\ARM_GCC_541\Debug\sc_event_type.o
 .debug_aranges
                0x00000470       0x20 .\CortexM3\ARM_GCC_541\Debug\sp_common.o
 .debug_aranges
                0x00000490       0x20 .\CortexM3\ARM_GCC_541\Debug\sc_clock_type.o
 .debug_aranges
                0x000004b0       0x58 .\CortexM3\ARM_GCC_541\Debug\cyfitter_cfg.o
 .debug_aranges
                0x00000508       0x18 .\CortexM3\ARM_GCC_541\Debug\cymetadata.o
 .debug_aranges
                0x00000520       0x48 .\CortexM3\ARM_GCC_541\Debug\Cm3Start.o
 .debug_aranges
                0x00000568       0x20 .\CortexM3\ARM_GCC_541\Debug\ElectronicClock.a(ErikaOS_ee_activate.o)
 .debug_aranges
                0x00000588       0x20 .\CortexM3\ARM_GCC_541\Debug\ElectronicClock.a(ErikaOS_ee_alsetrel.o)
 .debug_aranges
                0x000005a8       0x58 .\CortexM3\ARM_GCC_541\Debug\ElectronicClock.a(ErikaOS_ee_altick.o)
 .debug_aranges
                0x00000600       0x20 .\CortexM3\ARM_GCC_541\Debug\ElectronicClock.a(ErikaOS_ee_evclear.o)
 .debug_aranges
                0x00000620       0x20 .\CortexM3\ARM_GCC_541\Debug\ElectronicClock.a(ErikaOS_ee_evget.o)
 .debug_aranges
                0x00000640       0x20 .\CortexM3\ARM_GCC_541\Debug\ElectronicClock.a(ErikaOS_ee_evset.o)
 .debug_aranges
                0x00000660       0x20 .\CortexM3\ARM_GCC_541\Debug\ElectronicClock.a(ErikaOS_ee_evwait.o)
 .debug_aranges
                0x00000680       0x30 .\CortexM3\ARM_GCC_541\Debug\ElectronicClock.a(ErikaOS_ee_irqendin.o)
 .debug_aranges
                0x000006b0       0x20 .\CortexM3\ARM_GCC_541\Debug\ElectronicClock.a(ErikaOS_ee_lockres.o)
 .debug_aranges
                0x000006d0       0x18 .\CortexM3\ARM_GCC_541\Debug\ElectronicClock.a(ErikaOS_ee_lookup.o)
 .debug_aranges
                0x000006e8       0x20 .\CortexM3\ARM_GCC_541\Debug\ElectronicClock.a(ErikaOS_ee_rq_exchg.o)
 .debug_aranges
                0x00000708       0x20 .\CortexM3\ARM_GCC_541\Debug\ElectronicClock.a(ErikaOS_ee_rq_first.o)
 .debug_aranges
                0x00000728       0x20 .\CortexM3\ARM_GCC_541\Debug\ElectronicClock.a(ErikaOS_ee_rq_inser.o)
 .debug_aranges
                0x00000748       0x40 .\CortexM3\ARM_GCC_541\Debug\ElectronicClock.a(ErikaOS_ee_startos.o)
 .debug_aranges
                0x00000788       0x20 .\CortexM3\ARM_GCC_541\Debug\ElectronicClock.a(ErikaOS_ee_terminat.o)
 .debug_aranges
                0x000007a8       0x20 .\CortexM3\ARM_GCC_541\Debug\ElectronicClock.a(ErikaOS_ee_ulockres.o)
 .debug_aranges
                0x000007c8       0x20 .\CortexM3\ARM_GCC_541\Debug\ElectronicClock.a(ErikaOS_cortex_mx_ee_utils.o)
 .debug_aranges
                0x000007e8       0x18 .\CortexM3\ARM_GCC_541\Debug\ElectronicClock.a(ErikaOS_common_ee_hal_structs.o)
 .debug_aranges
                0x00000800       0x18 .\CortexM3\ARM_GCC_541\Debug\ElectronicClock.a(ErikaOS_eecfg.o)
 .debug_aranges
                0x00000818       0xf0 .\CortexM3\ARM_GCC_541\Debug\ElectronicClock.a(UART_LOG.o)
 .debug_aranges
                0x00000908       0x28 .\CortexM3\ARM_GCC_541\Debug\ElectronicClock.a(UART_LOG_INT.o)
 .debug_aranges
                0x00000930       0xd8 .\CortexM3\ARM_GCC_541\Debug\ElectronicClock.a(TFT_SPI.o)
 .debug_aranges
                0x00000a08       0x38 .\CortexM3\ARM_GCC_541\Debug\ElectronicClock.a(TFT_DC.o)
 .debug_aranges
                0x00000a40       0x38 .\CortexM3\ARM_GCC_541\Debug\ElectronicClock.a(TFT_RES.o)
 .debug_aranges
                0x00000a78       0x78 .\CortexM3\ARM_GCC_541\Debug\ElectronicClock.a(TFT_BackLight.o)
 .debug_aranges
                0x00000af0       0x70 .\CortexM3\ARM_GCC_541\Debug\ElectronicClock.a(UART_LOG_IntClock.o)
 .debug_aranges
                0x00000b60       0x70 .\CortexM3\ARM_GCC_541\Debug\ElectronicClock.a(TFT_SPI_IntClock.o)
 .debug_aranges
                0x00000bd0      0x2a0 .\CortexM3\ARM_GCC_541\Debug\ElectronicClock.a(CyLib.o)
 .debug_aranges
                0x00000e70       0x98 .\CortexM3\ARM_GCC_541\Debug\ElectronicClock.a(cyPm.o)
 .debug_aranges
                0x00000f08       0x38 .\CortexM3\ARM_GCC_541\Debug\ElectronicClock.a(button_1.o)
 .debug_aranges
                0x00000f40       0x38 .\CortexM3\ARM_GCC_541\Debug\ElectronicClock.a(button_2.o)
 .debug_aranges
                0x00000f78       0x20 .\CortexM3\ARM_GCC_541\Debug\ElectronicClock.a(ErikaOS_ee_gnu_change_context_isr.o)
 .debug_aranges
                0x00000f98       0x20 .\CortexM3\ARM_GCC_541\Debug\ElectronicClock.a(ErikaOS_ee_gnu_irq_stack.o)
 .debug_aranges
                0x00000fb8       0x20 .\CortexM3\ARM_GCC_541\Debug\ElectronicClock.a(ErikaOS_ee_gnu_multi_context.o)
 .debug_aranges
                0x00000fd8       0x20 .\CortexM3\ARM_GCC_541\Debug\ElectronicClock.a(ErikaOS_ee_gnu_oo.o)
 .debug_aranges
                0x00000ff8       0x20 .\CortexM3\ARM_GCC_541\Debug\ElectronicClock.a(CyBootAsmGnu.o)
 .debug_aranges
                0x00001018       0x20 .\CortexM3\ARM_GCC_541\Debug\ElectronicClock.a(ErikaOS_ee_tnterm.o)
 .debug_aranges
                0x00001038       0x20 .\CortexM3\ARM_GCC_541\Debug\ElectronicClock.a(ErikaOS_ee_tstub.o)
 .debug_aranges
                0x00001058       0x20 .\CortexM3\ARM_GCC_541\Debug\ElectronicClock.a(ErikaOS_ee_ulockallres.o)
 .debug_aranges
                0x00001078       0x28 .\CortexM3\ARM_GCC_541\Debug\ElectronicClock.a(ErikaOS_cortex_mx_ee_context.o)
 .debug_aranges
                0x000010a0       0x88 .\CortexM3\ARM_GCC_541\Debug\ElectronicClock.a(CyFlash.o)
 .debug_aranges
                0x00001128       0x80 .\CortexM3\ARM_GCC_541\Debug\ElectronicClock.a(CySpc.o)
 .debug_aranges
                0x000011a8       0x30 .\CortexM3\ARM_GCC_541\Debug\ElectronicClock.a(ErikaOS_ee_thendin.o)

.debug_pubnames
 *(.debug_pubnames)

.debug_info     0x00000000    0x18c7a
 *(.debug_info .gnu.linkonce.wi.*)
 .debug_info    0x00000000      0xe6e .\CortexM3\ARM_GCC_541\Debug\main.o
 .debug_info    0x00000e6e      0x135 .\CortexM3\ARM_GCC_541\Debug\tsk_background.o
 .debug_info    0x00000fa3     0x1b0e .\CortexM3\ARM_GCC_541\Debug\swc_clock_control.o
 .debug_info    0x00002ab1      0xb3e .\CortexM3\ARM_GCC_541\Debug\swc_clock_display.o
 .debug_info    0x000035ef      0x5b0 .\CortexM3\ARM_GCC_541\Debug\swc_clock_input.o
 .debug_info    0x00003b9f      0x279 .\CortexM3\ARM_GCC_541\Debug\tsk_control.o
 .debug_info    0x00003e18      0x23a .\CortexM3\ARM_GCC_541\Debug\tsk_display.o
 .debug_info    0x00004052      0x23a .\CortexM3\ARM_GCC_541\Debug\tsk_input.o
 .debug_info    0x0000428c      0x165 .\CortexM3\ARM_GCC_541\Debug\tsk_system.o
 .debug_info    0x000043f1      0x5d5 .\CortexM3\ARM_GCC_541\Debug\clock_statemachine.o
 .debug_info    0x000049c6      0x37a .\CortexM3\ARM_GCC_541\Debug\button.o
 .debug_info    0x00004d40      0x3b5 .\CortexM3\ARM_GCC_541\Debug\logging.o
 .debug_info    0x000050f5     0x2733 .\CortexM3\ARM_GCC_541\Debug\tft.o
 .debug_info    0x00007828      0x264 .\CortexM3\ARM_GCC_541\Debug\intToASCII.o
 .debug_info    0x00007a8c      0x35f .\CortexM3\ARM_GCC_541\Debug\rte.o
 .debug_info    0x00007deb      0x26e .\CortexM3\ARM_GCC_541\Debug\sc_event_type.o
 .debug_info    0x00008059      0xa10 .\CortexM3\ARM_GCC_541\Debug\sp_common.o
 .debug_info    0x00008a69      0x5ad .\CortexM3\ARM_GCC_541\Debug\sc_clock_type.o
 .debug_info    0x00009016      0x5a8 .\CortexM3\ARM_GCC_541\Debug\cyfitter_cfg.o
 .debug_info    0x000095be      0x136 .\CortexM3\ARM_GCC_541\Debug\cymetadata.o
 .debug_info    0x000096f4      0x3bb .\CortexM3\ARM_GCC_541\Debug\Cm3Start.o
 .debug_info    0x00009aaf      0x80d .\CortexM3\ARM_GCC_541\Debug\ElectronicClock.a(ErikaOS_ee_activate.o)
 .debug_info    0x0000a2bc      0x5e5 .\CortexM3\ARM_GCC_541\Debug\ElectronicClock.a(ErikaOS_ee_alsetrel.o)
 .debug_info    0x0000a8a1      0xc3b .\CortexM3\ARM_GCC_541\Debug\ElectronicClock.a(ErikaOS_ee_altick.o)
 .debug_info    0x0000b4dc      0x5a7 .\CortexM3\ARM_GCC_541\Debug\ElectronicClock.a(ErikaOS_ee_evclear.o)
 .debug_info    0x0000ba83      0x4ca .\CortexM3\ARM_GCC_541\Debug\ElectronicClock.a(ErikaOS_ee_evget.o)
 .debug_info    0x0000bf4d      0x7c3 .\CortexM3\ARM_GCC_541\Debug\ElectronicClock.a(ErikaOS_ee_evset.o)
 .debug_info    0x0000c710      0x85a .\CortexM3\ARM_GCC_541\Debug\ElectronicClock.a(ErikaOS_ee_evwait.o)
 .debug_info    0x0000cf6a      0x5cb .\CortexM3\ARM_GCC_541\Debug\ElectronicClock.a(ErikaOS_ee_irqendin.o)
 .debug_info    0x0000d535      0x60d .\CortexM3\ARM_GCC_541\Debug\ElectronicClock.a(ErikaOS_ee_lockres.o)
 .debug_info    0x0000db42      0x3d0 .\CortexM3\ARM_GCC_541\Debug\ElectronicClock.a(ErikaOS_ee_lookup.o)
 .debug_info    0x0000df12      0x46f .\CortexM3\ARM_GCC_541\Debug\ElectronicClock.a(ErikaOS_ee_rq_exchg.o)
 .debug_info    0x0000e381      0x421 .\CortexM3\ARM_GCC_541\Debug\ElectronicClock.a(ErikaOS_ee_rq_first.o)
 .debug_info    0x0000e7a2      0x475 .\CortexM3\ARM_GCC_541\Debug\ElectronicClock.a(ErikaOS_ee_rq_inser.o)
 .debug_info    0x0000ec17     0x2040 .\CortexM3\ARM_GCC_541\Debug\ElectronicClock.a(ErikaOS_ee_startos.o)
 .debug_info    0x00010c57      0x595 .\CortexM3\ARM_GCC_541\Debug\ElectronicClock.a(ErikaOS_ee_terminat.o)
 .debug_info    0x000111ec      0x7fb .\CortexM3\ARM_GCC_541\Debug\ElectronicClock.a(ErikaOS_ee_ulockres.o)
 .debug_info    0x000119e7      0x52b .\CortexM3\ARM_GCC_541\Debug\ElectronicClock.a(ErikaOS_cortex_mx_ee_utils.o)
 .debug_info    0x00011f12      0x3cb .\CortexM3\ARM_GCC_541\Debug\ElectronicClock.a(ErikaOS_common_ee_hal_structs.o)
 .debug_info    0x000122dd      0x9b2 .\CortexM3\ARM_GCC_541\Debug\ElectronicClock.a(ErikaOS_eecfg.o)
 .debug_info    0x00012c8f      0x7ae .\CortexM3\ARM_GCC_541\Debug\ElectronicClock.a(UART_LOG.o)
 .debug_info    0x0001343d      0x186 .\CortexM3\ARM_GCC_541\Debug\ElectronicClock.a(UART_LOG_INT.o)
 .debug_info    0x000135c3      0x4bb .\CortexM3\ARM_GCC_541\Debug\ElectronicClock.a(TFT_SPI.o)
 .debug_info    0x00013a7e      0x11f .\CortexM3\ARM_GCC_541\Debug\ElectronicClock.a(TFT_DC.o)
 .debug_info    0x00013b9d      0x11f .\CortexM3\ARM_GCC_541\Debug\ElectronicClock.a(TFT_RES.o)
 .debug_info    0x00013cbc      0x27e .\CortexM3\ARM_GCC_541\Debug\ElectronicClock.a(TFT_BackLight.o)
 .debug_info    0x00013f3a      0x283 .\CortexM3\ARM_GCC_541\Debug\ElectronicClock.a(UART_LOG_IntClock.o)
 .debug_info    0x000141bd      0x283 .\CortexM3\ARM_GCC_541\Debug\ElectronicClock.a(TFT_SPI_IntClock.o)
 .debug_info    0x00014440     0x1374 .\CortexM3\ARM_GCC_541\Debug\ElectronicClock.a(CyLib.o)
 .debug_info    0x000157b4      0xa2a .\CortexM3\ARM_GCC_541\Debug\ElectronicClock.a(cyPm.o)
 .debug_info    0x000161de      0x11f .\CortexM3\ARM_GCC_541\Debug\ElectronicClock.a(button_1.o)
 .debug_info    0x000162fd      0x11f .\CortexM3\ARM_GCC_541\Debug\ElectronicClock.a(button_2.o)
 .debug_info    0x0001641c       0xba .\CortexM3\ARM_GCC_541\Debug\ElectronicClock.a(ErikaOS_ee_gnu_change_context_isr.o)
 .debug_info    0x000164d6       0xb1 .\CortexM3\ARM_GCC_541\Debug\ElectronicClock.a(ErikaOS_ee_gnu_irq_stack.o)
 .debug_info    0x00016587       0xb5 .\CortexM3\ARM_GCC_541\Debug\ElectronicClock.a(ErikaOS_ee_gnu_multi_context.o)
 .debug_info    0x0001663c       0xaa .\CortexM3\ARM_GCC_541\Debug\ElectronicClock.a(ErikaOS_ee_gnu_oo.o)
 .debug_info    0x000166e6       0xa5 .\CortexM3\ARM_GCC_541\Debug\ElectronicClock.a(CyBootAsmGnu.o)
 .debug_info    0x0001678b      0x473 .\CortexM3\ARM_GCC_541\Debug\ElectronicClock.a(ErikaOS_ee_tnterm.o)
 .debug_info    0x00016bfe      0x487 .\CortexM3\ARM_GCC_541\Debug\ElectronicClock.a(ErikaOS_ee_tstub.o)
 .debug_info    0x00017085      0x45e .\CortexM3\ARM_GCC_541\Debug\ElectronicClock.a(ErikaOS_ee_ulockallres.o)
 .debug_info    0x000174e3      0x501 .\CortexM3\ARM_GCC_541\Debug\ElectronicClock.a(ErikaOS_cortex_mx_ee_context.o)
 .debug_info    0x000179e4      0x64d .\CortexM3\ARM_GCC_541\Debug\ElectronicClock.a(CyFlash.o)
 .debug_info    0x00018031      0x550 .\CortexM3\ARM_GCC_541\Debug\ElectronicClock.a(CySpc.o)
 .debug_info    0x00018581      0x6f9 .\CortexM3\ARM_GCC_541\Debug\ElectronicClock.a(ErikaOS_ee_thendin.o)

.debug_abbrev   0x00000000     0x5c81
 *(.debug_abbrev)
 .debug_abbrev  0x00000000      0x2ee .\CortexM3\ARM_GCC_541\Debug\main.o
 .debug_abbrev  0x000002ee       0x7b .\CortexM3\ARM_GCC_541\Debug\tsk_background.o
 .debug_abbrev  0x00000369      0x31e .\CortexM3\ARM_GCC_541\Debug\swc_clock_control.o
 .debug_abbrev  0x00000687      0x1f8 .\CortexM3\ARM_GCC_541\Debug\swc_clock_display.o
 .debug_abbrev  0x0000087f      0x1de .\CortexM3\ARM_GCC_541\Debug\swc_clock_input.o
 .debug_abbrev  0x00000a5d      0x158 .\CortexM3\ARM_GCC_541\Debug\tsk_control.o
 .debug_abbrev  0x00000bb5      0x12c .\CortexM3\ARM_GCC_541\Debug\tsk_display.o
 .debug_abbrev  0x00000ce1      0x12c .\CortexM3\ARM_GCC_541\Debug\tsk_input.o
 .debug_abbrev  0x00000e0d       0xba .\CortexM3\ARM_GCC_541\Debug\tsk_system.o
 .debug_abbrev  0x00000ec7      0x1a1 .\CortexM3\ARM_GCC_541\Debug\clock_statemachine.o
 .debug_abbrev  0x00001068      0x14d .\CortexM3\ARM_GCC_541\Debug\button.o
 .debug_abbrev  0x000011b5      0x14a .\CortexM3\ARM_GCC_541\Debug\logging.o
 .debug_abbrev  0x000012ff      0x2bf .\CortexM3\ARM_GCC_541\Debug\tft.o
 .debug_abbrev  0x000015be       0xdc .\CortexM3\ARM_GCC_541\Debug\intToASCII.o
 .debug_abbrev  0x0000169a      0x15c .\CortexM3\ARM_GCC_541\Debug\rte.o
 .debug_abbrev  0x000017f6       0xd8 .\CortexM3\ARM_GCC_541\Debug\sc_event_type.o
 .debug_abbrev  0x000018ce      0x1ba .\CortexM3\ARM_GCC_541\Debug\sp_common.o
 .debug_abbrev  0x00001a88      0x10d .\CortexM3\ARM_GCC_541\Debug\sc_clock_type.o
 .debug_abbrev  0x00001b95      0x20d .\CortexM3\ARM_GCC_541\Debug\cyfitter_cfg.o
 .debug_abbrev  0x00001da2       0x77 .\CortexM3\ARM_GCC_541\Debug\cymetadata.o
 .debug_abbrev  0x00001e19      0x1e8 .\CortexM3\ARM_GCC_541\Debug\Cm3Start.o
 .debug_abbrev  0x00002001      0x284 .\CortexM3\ARM_GCC_541\Debug\ElectronicClock.a(ErikaOS_ee_activate.o)
 .debug_abbrev  0x00002285      0x1f7 .\CortexM3\ARM_GCC_541\Debug\ElectronicClock.a(ErikaOS_ee_alsetrel.o)
 .debug_abbrev  0x0000247c      0x362 .\CortexM3\ARM_GCC_541\Debug\ElectronicClock.a(ErikaOS_ee_altick.o)
 .debug_abbrev  0x000027de      0x1e0 .\CortexM3\ARM_GCC_541\Debug\ElectronicClock.a(ErikaOS_ee_evclear.o)
 .debug_abbrev  0x000029be      0x150 .\CortexM3\ARM_GCC_541\Debug\ElectronicClock.a(ErikaOS_ee_evget.o)
 .debug_abbrev  0x00002b0e      0x27f .\CortexM3\ARM_GCC_541\Debug\ElectronicClock.a(ErikaOS_ee_evset.o)
 .debug_abbrev  0x00002d8d      0x25d .\CortexM3\ARM_GCC_541\Debug\ElectronicClock.a(ErikaOS_ee_evwait.o)
 .debug_abbrev  0x00002fea      0x1da .\CortexM3\ARM_GCC_541\Debug\ElectronicClock.a(ErikaOS_ee_irqendin.o)
 .debug_abbrev  0x000031c4      0x1ef .\CortexM3\ARM_GCC_541\Debug\ElectronicClock.a(ErikaOS_ee_lockres.o)
 .debug_abbrev  0x000033b3       0xcf .\CortexM3\ARM_GCC_541\Debug\ElectronicClock.a(ErikaOS_ee_lookup.o)
 .debug_abbrev  0x00003482       0xfc .\CortexM3\ARM_GCC_541\Debug\ElectronicClock.a(ErikaOS_ee_rq_exchg.o)
 .debug_abbrev  0x0000357e       0xed .\CortexM3\ARM_GCC_541\Debug\ElectronicClock.a(ErikaOS_ee_rq_first.o)
 .debug_abbrev  0x0000366b      0x109 .\CortexM3\ARM_GCC_541\Debug\ElectronicClock.a(ErikaOS_ee_rq_inser.o)
 .debug_abbrev  0x00003774      0x4a7 .\CortexM3\ARM_GCC_541\Debug\ElectronicClock.a(ErikaOS_ee_startos.o)
 .debug_abbrev  0x00003c1b      0x1de .\CortexM3\ARM_GCC_541\Debug\ElectronicClock.a(ErikaOS_ee_terminat.o)
 .debug_abbrev  0x00003df9      0x277 .\CortexM3\ARM_GCC_541\Debug\ElectronicClock.a(ErikaOS_ee_ulockres.o)
 .debug_abbrev  0x00004070      0x1f0 .\CortexM3\ARM_GCC_541\Debug\ElectronicClock.a(ErikaOS_cortex_mx_ee_utils.o)
 .debug_abbrev  0x00004260       0xcf .\CortexM3\ARM_GCC_541\Debug\ElectronicClock.a(ErikaOS_common_ee_hal_structs.o)
 .debug_abbrev  0x0000432f      0x130 .\CortexM3\ARM_GCC_541\Debug\ElectronicClock.a(ErikaOS_eecfg.o)
 .debug_abbrev  0x0000445f      0x16f .\CortexM3\ARM_GCC_541\Debug\ElectronicClock.a(UART_LOG.o)
 .debug_abbrev  0x000045ce       0xa2 .\CortexM3\ARM_GCC_541\Debug\ElectronicClock.a(UART_LOG_INT.o)
 .debug_abbrev  0x00004670      0x146 .\CortexM3\ARM_GCC_541\Debug\ElectronicClock.a(TFT_SPI.o)
 .debug_abbrev  0x000047b6       0x90 .\CortexM3\ARM_GCC_541\Debug\ElectronicClock.a(TFT_DC.o)
 .debug_abbrev  0x00004846       0x90 .\CortexM3\ARM_GCC_541\Debug\ElectronicClock.a(TFT_RES.o)
 .debug_abbrev  0x000048d6      0x12d .\CortexM3\ARM_GCC_541\Debug\ElectronicClock.a(TFT_BackLight.o)
 .debug_abbrev  0x00004a03      0x139 .\CortexM3\ARM_GCC_541\Debug\ElectronicClock.a(UART_LOG_IntClock.o)
 .debug_abbrev  0x00004b3c      0x139 .\CortexM3\ARM_GCC_541\Debug\ElectronicClock.a(TFT_SPI_IntClock.o)
 .debug_abbrev  0x00004c75      0x254 .\CortexM3\ARM_GCC_541\Debug\ElectronicClock.a(CyLib.o)
 .debug_abbrev  0x00004ec9      0x1ab .\CortexM3\ARM_GCC_541\Debug\ElectronicClock.a(cyPm.o)
 .debug_abbrev  0x00005074       0x90 .\CortexM3\ARM_GCC_541\Debug\ElectronicClock.a(button_1.o)
 .debug_abbrev  0x00005104       0x90 .\CortexM3\ARM_GCC_541\Debug\ElectronicClock.a(button_2.o)
 .debug_abbrev  0x00005194       0x14 .\CortexM3\ARM_GCC_541\Debug\ElectronicClock.a(ErikaOS_ee_gnu_change_context_isr.o)
 .debug_abbrev  0x000051a8       0x14 .\CortexM3\ARM_GCC_541\Debug\ElectronicClock.a(ErikaOS_ee_gnu_irq_stack.o)
 .debug_abbrev  0x000051bc       0x14 .\CortexM3\ARM_GCC_541\Debug\ElectronicClock.a(ErikaOS_ee_gnu_multi_context.o)
 .debug_abbrev  0x000051d0       0x14 .\CortexM3\ARM_GCC_541\Debug\ElectronicClock.a(ErikaOS_ee_gnu_oo.o)
 .debug_abbrev  0x000051e4       0x14 .\CortexM3\ARM_GCC_541\Debug\ElectronicClock.a(CyBootAsmGnu.o)
 .debug_abbrev  0x000051f8      0x190 .\CortexM3\ARM_GCC_541\Debug\ElectronicClock.a(ErikaOS_ee_tnterm.o)
 .debug_abbrev  0x00005388      0x143 .\CortexM3\ARM_GCC_541\Debug\ElectronicClock.a(ErikaOS_ee_tstub.o)
 .debug_abbrev  0x000054cb       0xfc .\CortexM3\ARM_GCC_541\Debug\ElectronicClock.a(ErikaOS_ee_ulockallres.o)
 .debug_abbrev  0x000055c7      0x156 .\CortexM3\ARM_GCC_541\Debug\ElectronicClock.a(ErikaOS_cortex_mx_ee_context.o)
 .debug_abbrev  0x0000571d      0x1a7 .\CortexM3\ARM_GCC_541\Debug\ElectronicClock.a(CyFlash.o)
 .debug_abbrev  0x000058c4      0x194 .\CortexM3\ARM_GCC_541\Debug\ElectronicClock.a(CySpc.o)
 .debug_abbrev  0x00005a58      0x229 .\CortexM3\ARM_GCC_541\Debug\ElectronicClock.a(ErikaOS_ee_thendin.o)

.debug_line     0x00000000     0x8d31
 *(.debug_line)
 .debug_line    0x00000000      0x72f .\CortexM3\ARM_GCC_541\Debug\main.o
 .debug_line    0x0000072f      0x216 .\CortexM3\ARM_GCC_541\Debug\tsk_background.o
 .debug_line    0x00000945      0x73c .\CortexM3\ARM_GCC_541\Debug\swc_clock_control.o
 .debug_line    0x00001081      0x40b .\CortexM3\ARM_GCC_541\Debug\swc_clock_display.o
 .debug_line    0x0000148c      0x39a .\CortexM3\ARM_GCC_541\Debug\swc_clock_input.o
 .debug_line    0x00001826      0x28a .\CortexM3\ARM_GCC_541\Debug\tsk_control.o
 .debug_line    0x00001ab0      0x264 .\CortexM3\ARM_GCC_541\Debug\tsk_display.o
 .debug_line    0x00001d14      0x262 .\CortexM3\ARM_GCC_541\Debug\tsk_input.o
 .debug_line    0x00001f76      0x215 .\CortexM3\ARM_GCC_541\Debug\tsk_system.o
 .debug_line    0x0000218b      0x338 .\CortexM3\ARM_GCC_541\Debug\clock_statemachine.o
 .debug_line    0x000024c3      0x274 .\CortexM3\ARM_GCC_541\Debug\button.o
 .debug_line    0x00002737      0x26b .\CortexM3\ARM_GCC_541\Debug\logging.o
 .debug_line    0x000029a2      0x8d1 .\CortexM3\ARM_GCC_541\Debug\tft.o
 .debug_line    0x00003273      0x237 .\CortexM3\ARM_GCC_541\Debug\intToASCII.o
 .debug_line    0x000034aa      0x291 .\CortexM3\ARM_GCC_541\Debug\rte.o
 .debug_line    0x0000373b        0x0 .\CortexM3\ARM_GCC_541\Debug\sc_clock.o
 .debug_line    0x0000373b        0x0 .\CortexM3\ARM_GCC_541\Debug\sc_event.o
 .debug_line    0x0000373b      0x277 .\CortexM3\ARM_GCC_541\Debug\sc_event_type.o
 .debug_line    0x000039b2      0x398 .\CortexM3\ARM_GCC_541\Debug\sp_common.o
 .debug_line    0x00003d4a      0x2ae .\CortexM3\ARM_GCC_541\Debug\sc_clock_type.o
 .debug_line    0x00003ff8      0x1f5 .\CortexM3\ARM_GCC_541\Debug\cyfitter_cfg.o
 .debug_line    0x000041ed      0x141 .\CortexM3\ARM_GCC_541\Debug\cymetadata.o
 .debug_line    0x0000432e      0x234 .\CortexM3\ARM_GCC_541\Debug\Cm3Start.o
 .debug_line    0x00004562      0x1e6 .\CortexM3\ARM_GCC_541\Debug\ElectronicClock.a(ErikaOS_ee_activate.o)
 .debug_line    0x00004748      0x1bd .\CortexM3\ARM_GCC_541\Debug\ElectronicClock.a(ErikaOS_ee_alsetrel.o)
 .debug_line    0x00004905      0x2f1 .\CortexM3\ARM_GCC_541\Debug\ElectronicClock.a(ErikaOS_ee_altick.o)
 .debug_line    0x00004bf6      0x1c1 .\CortexM3\ARM_GCC_541\Debug\ElectronicClock.a(ErikaOS_ee_evclear.o)
 .debug_line    0x00004db7      0x14b .\CortexM3\ARM_GCC_541\Debug\ElectronicClock.a(ErikaOS_ee_evget.o)
 .debug_line    0x00004f02      0x1e3 .\CortexM3\ARM_GCC_541\Debug\ElectronicClock.a(ErikaOS_ee_evset.o)
 .debug_line    0x000050e5      0x1f1 .\CortexM3\ARM_GCC_541\Debug\ElectronicClock.a(ErikaOS_ee_evwait.o)
 .debug_line    0x000052d6      0x190 .\CortexM3\ARM_GCC_541\Debug\ElectronicClock.a(ErikaOS_ee_irqendin.o)
 .debug_line    0x00005466      0x1dd .\CortexM3\ARM_GCC_541\Debug\ElectronicClock.a(ErikaOS_ee_lockres.o)
 .debug_line    0x00005643      0x10b .\CortexM3\ARM_GCC_541\Debug\ElectronicClock.a(ErikaOS_ee_lookup.o)
 .debug_line    0x0000574e      0x14b .\CortexM3\ARM_GCC_541\Debug\ElectronicClock.a(ErikaOS_ee_rq_exchg.o)
 .debug_line    0x00005899      0x142 .\CortexM3\ARM_GCC_541\Debug\ElectronicClock.a(ErikaOS_ee_rq_first.o)
 .debug_line    0x000059db      0x146 .\CortexM3\ARM_GCC_541\Debug\ElectronicClock.a(ErikaOS_ee_rq_inser.o)
 .debug_line    0x00005b21      0x3e8 .\CortexM3\ARM_GCC_541\Debug\ElectronicClock.a(ErikaOS_ee_startos.o)
 .debug_line    0x00005f09      0x1b0 .\CortexM3\ARM_GCC_541\Debug\ElectronicClock.a(ErikaOS_ee_terminat.o)
 .debug_line    0x000060b9      0x201 .\CortexM3\ARM_GCC_541\Debug\ElectronicClock.a(ErikaOS_ee_ulockres.o)
 .debug_line    0x000062ba      0x177 .\CortexM3\ARM_GCC_541\Debug\ElectronicClock.a(ErikaOS_cortex_mx_ee_utils.o)
 .debug_line    0x00006431       0xed .\CortexM3\ARM_GCC_541\Debug\ElectronicClock.a(ErikaOS_common_ee_hal_structs.o)
 .debug_line    0x0000651e      0x12c .\CortexM3\ARM_GCC_541\Debug\ElectronicClock.a(ErikaOS_eecfg.o)
 .debug_line    0x0000664a      0x343 .\CortexM3\ARM_GCC_541\Debug\ElectronicClock.a(UART_LOG.o)
 .debug_line    0x0000698d       0xad .\CortexM3\ARM_GCC_541\Debug\ElectronicClock.a(UART_LOG_INT.o)
 .debug_line    0x00006a3a      0x249 .\CortexM3\ARM_GCC_541\Debug\ElectronicClock.a(TFT_SPI.o)
 .debug_line    0x00006c83       0x93 .\CortexM3\ARM_GCC_541\Debug\ElectronicClock.a(TFT_DC.o)
 .debug_line    0x00006d16       0x94 .\CortexM3\ARM_GCC_541\Debug\ElectronicClock.a(TFT_RES.o)
 .debug_line    0x00006daa      0x13b .\CortexM3\ARM_GCC_541\Debug\ElectronicClock.a(TFT_BackLight.o)
 .debug_line    0x00006ee5      0x180 .\CortexM3\ARM_GCC_541\Debug\ElectronicClock.a(UART_LOG_IntClock.o)
 .debug_line    0x00007065      0x17f .\CortexM3\ARM_GCC_541\Debug\ElectronicClock.a(TFT_SPI_IntClock.o)
 .debug_line    0x000071e4      0x816 .\CortexM3\ARM_GCC_541\Debug\ElectronicClock.a(CyLib.o)
 .debug_line    0x000079fa      0x367 .\CortexM3\ARM_GCC_541\Debug\ElectronicClock.a(cyPm.o)
 .debug_line    0x00007d61       0x95 .\CortexM3\ARM_GCC_541\Debug\ElectronicClock.a(button_1.o)
 .debug_line    0x00007df6       0x95 .\CortexM3\ARM_GCC_541\Debug\ElectronicClock.a(button_2.o)
 .debug_line    0x00007e8b       0xac .\CortexM3\ARM_GCC_541\Debug\ElectronicClock.a(ErikaOS_ee_gnu_change_context_isr.o)
 .debug_line    0x00007f37       0x72 .\CortexM3\ARM_GCC_541\Debug\ElectronicClock.a(ErikaOS_ee_gnu_irq_stack.o)
 .debug_line    0x00007fa9       0x9b .\CortexM3\ARM_GCC_541\Debug\ElectronicClock.a(ErikaOS_ee_gnu_multi_context.o)
 .debug_line    0x00008044       0x97 .\CortexM3\ARM_GCC_541\Debug\ElectronicClock.a(ErikaOS_ee_gnu_oo.o)
 .debug_line    0x000080db       0x66 .\CortexM3\ARM_GCC_541\Debug\ElectronicClock.a(CyBootAsmGnu.o)
 .debug_line    0x00008141      0x171 .\CortexM3\ARM_GCC_541\Debug\ElectronicClock.a(ErikaOS_ee_tnterm.o)
 .debug_line    0x000082b2      0x160 .\CortexM3\ARM_GCC_541\Debug\ElectronicClock.a(ErikaOS_ee_tstub.o)
 .debug_line    0x00008412      0x154 .\CortexM3\ARM_GCC_541\Debug\ElectronicClock.a(ErikaOS_ee_ulockallres.o)
 .debug_line    0x00008566      0x19a .\CortexM3\ARM_GCC_541\Debug\ElectronicClock.a(ErikaOS_cortex_mx_ee_context.o)
 .debug_line    0x00008700      0x21a .\CortexM3\ARM_GCC_541\Debug\ElectronicClock.a(CyFlash.o)
 .debug_line    0x0000891a      0x260 .\CortexM3\ARM_GCC_541\Debug\ElectronicClock.a(CySpc.o)
 .debug_line    0x00008b7a      0x1b7 .\CortexM3\ARM_GCC_541\Debug\ElectronicClock.a(ErikaOS_ee_thendin.o)

.debug_frame    0x00000000     0x29c0
 *(.debug_frame)
 .debug_frame   0x00000000      0x164 .\CortexM3\ARM_GCC_541\Debug\main.o
 .debug_frame   0x00000164       0x20 .\CortexM3\ARM_GCC_541\Debug\tsk_background.o
 .debug_frame   0x00000184      0x2bc .\CortexM3\ARM_GCC_541\Debug\swc_clock_control.o
 .debug_frame   0x00000440       0x34 .\CortexM3\ARM_GCC_541\Debug\swc_clock_display.o
 .debug_frame   0x00000474       0x30 .\CortexM3\ARM_GCC_541\Debug\swc_clock_input.o
 .debug_frame   0x000004a4       0x2c .\CortexM3\ARM_GCC_541\Debug\tsk_control.o
 .debug_frame   0x000004d0       0x2c .\CortexM3\ARM_GCC_541\Debug\tsk_display.o
 .debug_frame   0x000004fc       0x2c .\CortexM3\ARM_GCC_541\Debug\tsk_input.o
 .debug_frame   0x00000528       0x2c .\CortexM3\ARM_GCC_541\Debug\tsk_system.o
 .debug_frame   0x00000554       0xa0 .\CortexM3\ARM_GCC_541\Debug\clock_statemachine.o
 .debug_frame   0x000005f4       0x4c .\CortexM3\ARM_GCC_541\Debug\button.o
 .debug_frame   0x00000640       0x48 .\CortexM3\ARM_GCC_541\Debug\logging.o
 .debug_frame   0x00000688      0x5bc .\CortexM3\ARM_GCC_541\Debug\tft.o
 .debug_frame   0x00000c44       0x3c .\CortexM3\ARM_GCC_541\Debug\intToASCII.o
 .debug_frame   0x00000c80       0x60 .\CortexM3\ARM_GCC_541\Debug\rte.o
 .debug_frame   0x00000ce0       0x20 .\CortexM3\ARM_GCC_541\Debug\sc_event_type.o
 .debug_frame   0x00000d00       0x20 .\CortexM3\ARM_GCC_541\Debug\sp_common.o
 .debug_frame   0x00000d20       0x20 .\CortexM3\ARM_GCC_541\Debug\sc_clock_type.o
 .debug_frame   0x00000d40       0xe4 .\CortexM3\ARM_GCC_541\Debug\cyfitter_cfg.o
 .debug_frame   0x00000e24       0xb8 .\CortexM3\ARM_GCC_541\Debug\Cm3Start.o
 .debug_frame   0x00000edc       0x30 .\CortexM3\ARM_GCC_541\Debug\ElectronicClock.a(ErikaOS_ee_activate.o)
 .debug_frame   0x00000f0c       0x38 .\CortexM3\ARM_GCC_541\Debug\ElectronicClock.a(ErikaOS_ee_alsetrel.o)
 .debug_frame   0x00000f44      0x10c .\CortexM3\ARM_GCC_541\Debug\ElectronicClock.a(ErikaOS_ee_altick.o)
 .debug_frame   0x00001050       0x38 .\CortexM3\ARM_GCC_541\Debug\ElectronicClock.a(ErikaOS_ee_evclear.o)
 .debug_frame   0x00001088       0x20 .\CortexM3\ARM_GCC_541\Debug\ElectronicClock.a(ErikaOS_ee_evget.o)
 .debug_frame   0x000010a8       0x30 .\CortexM3\ARM_GCC_541\Debug\ElectronicClock.a(ErikaOS_ee_evset.o)
 .debug_frame   0x000010d8       0x30 .\CortexM3\ARM_GCC_541\Debug\ElectronicClock.a(ErikaOS_ee_evwait.o)
 .debug_frame   0x00001108       0x58 .\CortexM3\ARM_GCC_541\Debug\ElectronicClock.a(ErikaOS_ee_irqendin.o)
 .debug_frame   0x00001160       0x40 .\CortexM3\ARM_GCC_541\Debug\ElectronicClock.a(ErikaOS_ee_lockres.o)
 .debug_frame   0x000011a0       0x3c .\CortexM3\ARM_GCC_541\Debug\ElectronicClock.a(ErikaOS_ee_rq_exchg.o)
 .debug_frame   0x000011dc       0x20 .\CortexM3\ARM_GCC_541\Debug\ElectronicClock.a(ErikaOS_ee_rq_first.o)
 .debug_frame   0x000011fc       0x30 .\CortexM3\ARM_GCC_541\Debug\ElectronicClock.a(ErikaOS_ee_rq_inser.o)
 .debug_frame   0x0000122c       0x90 .\CortexM3\ARM_GCC_541\Debug\ElectronicClock.a(ErikaOS_ee_startos.o)
 .debug_frame   0x000012bc       0x2c .\CortexM3\ARM_GCC_541\Debug\ElectronicClock.a(ErikaOS_ee_terminat.o)
 .debug_frame   0x000012e8       0x30 .\CortexM3\ARM_GCC_541\Debug\ElectronicClock.a(ErikaOS_ee_ulockres.o)
 .debug_frame   0x00001318       0x30 .\CortexM3\ARM_GCC_541\Debug\ElectronicClock.a(ErikaOS_cortex_mx_ee_utils.o)
 .debug_frame   0x00001348      0x25c .\CortexM3\ARM_GCC_541\Debug\ElectronicClock.a(UART_LOG.o)
 .debug_frame   0x000015a4       0x30 .\CortexM3\ARM_GCC_541\Debug\ElectronicClock.a(UART_LOG_INT.o)
 .debug_frame   0x000015d4      0x1e8 .\CortexM3\ARM_GCC_541\Debug\ElectronicClock.a(TFT_SPI.o)
 .debug_frame   0x000017bc       0x50 .\CortexM3\ARM_GCC_541\Debug\ElectronicClock.a(TFT_DC.o)
 .debug_frame   0x0000180c       0x50 .\CortexM3\ARM_GCC_541\Debug\ElectronicClock.a(TFT_RES.o)
 .debug_frame   0x0000185c       0xe8 .\CortexM3\ARM_GCC_541\Debug\ElectronicClock.a(TFT_BackLight.o)
 .debug_frame   0x00001944       0xe0 .\CortexM3\ARM_GCC_541\Debug\ElectronicClock.a(UART_LOG_IntClock.o)
 .debug_frame   0x00001a24       0xe0 .\CortexM3\ARM_GCC_541\Debug\ElectronicClock.a(TFT_SPI_IntClock.o)
 .debug_frame   0x00001b04      0x738 .\CortexM3\ARM_GCC_541\Debug\ElectronicClock.a(CyLib.o)
 .debug_frame   0x0000223c      0x1f8 .\CortexM3\ARM_GCC_541\Debug\ElectronicClock.a(cyPm.o)
 .debug_frame   0x00002434       0x50 .\CortexM3\ARM_GCC_541\Debug\ElectronicClock.a(button_1.o)
 .debug_frame   0x00002484       0x50 .\CortexM3\ARM_GCC_541\Debug\ElectronicClock.a(button_2.o)
 .debug_frame   0x000024d4       0x2c .\CortexM3\ARM_GCC_541\Debug\ElectronicClock.a(ErikaOS_ee_tnterm.o)
 .debug_frame   0x00002500       0x2c .\CortexM3\ARM_GCC_541\Debug\ElectronicClock.a(ErikaOS_ee_tstub.o)
 .debug_frame   0x0000252c       0x2c .\CortexM3\ARM_GCC_541\Debug\ElectronicClock.a(ErikaOS_ee_ulockallres.o)
 .debug_frame   0x00002558       0x3c .\CortexM3\ARM_GCC_541\Debug\ElectronicClock.a(ErikaOS_cortex_mx_ee_context.o)
 .debug_frame   0x00002594      0x194 .\CortexM3\ARM_GCC_541\Debug\ElectronicClock.a(CyFlash.o)
 .debug_frame   0x00002728      0x180 .\CortexM3\ARM_GCC_541\Debug\ElectronicClock.a(CySpc.o)
 .debug_frame   0x000028a8       0x5c .\CortexM3\ARM_GCC_541\Debug\ElectronicClock.a(ErikaOS_ee_thendin.o)
 .debug_frame   0x00002904       0x20 c:/program files (x86)/cypress/psoc creator/4.4/psoc creator/import/gnu/arm/5.4.1/bin/../lib/gcc/arm-none-eabi/5.4.1/../../../../arm-none-eabi/lib/armv7-m\libg_nano.a(lib_a-errno.o)
 .debug_frame   0x00002924       0x28 c:/program files (x86)/cypress/psoc creator/4.4/psoc creator/import/gnu/arm/5.4.1/bin/../lib/gcc/arm-none-eabi/5.4.1/../../../../arm-none-eabi/lib/armv7-m\libg_nano.a(lib_a-exit.o)
 .debug_frame   0x0000294c       0x2c c:/program files (x86)/cypress/psoc creator/4.4/psoc creator/import/gnu/arm/5.4.1/bin/../lib/gcc/arm-none-eabi/5.4.1/../../../../arm-none-eabi/lib/armv7-m\libg_nano.a(lib_a-init.o)
 .debug_frame   0x00002978       0x28 c:/program files (x86)/cypress/psoc creator/4.4/psoc creator/import/gnu/arm/5.4.1/bin/../lib/gcc/arm-none-eabi/5.4.1/../../../../arm-none-eabi/lib/armv7-m\libg_nano.a(lib_a-memcpy-stub.o)
 .debug_frame   0x000029a0       0x20 c:/program files (x86)/cypress/psoc creator/4.4/psoc creator/import/gnu/arm/5.4.1/bin/../lib/gcc/arm-none-eabi/5.4.1/../../../../arm-none-eabi/lib/armv7-m\libg_nano.a(lib_a-memset.o)

.debug_str      0x00000000     0x562c
 *(.debug_str)
 .debug_str     0x00000000      0x99a .\CortexM3\ARM_GCC_541\Debug\main.o
                                0xa47 (size before relaxing)
 .debug_str     0x0000099a       0x34 .\CortexM3\ARM_GCC_541\Debug\tsk_background.o
                                0x27f (size before relaxing)
 .debug_str     0x000009ce      0x859 .\CortexM3\ARM_GCC_541\Debug\swc_clock_control.o
                                0xfaa (size before relaxing)
 .debug_str     0x00001227       0xa2 .\CortexM3\ARM_GCC_541\Debug\swc_clock_display.o
                                0xac4 (size before relaxing)
 .debug_str     0x000012c9       0x3c .\CortexM3\ARM_GCC_541\Debug\swc_clock_input.o
                                0x715 (size before relaxing)
 .debug_str     0x00001305       0xdd .\CortexM3\ARM_GCC_541\Debug\tsk_control.o
                                0x35a (size before relaxing)
 .debug_str     0x000013e2       0xb6 .\CortexM3\ARM_GCC_541\Debug\tsk_display.o
                                0x34f (size before relaxing)
 .debug_str     0x00001498       0x72 .\CortexM3\ARM_GCC_541\Debug\tsk_input.o
                                0x347 (size before relaxing)
 .debug_str     0x0000150a       0x49 .\CortexM3\ARM_GCC_541\Debug\tsk_system.o
                                0x294 (size before relaxing)
 .debug_str     0x00001553       0xce .\CortexM3\ARM_GCC_541\Debug\clock_statemachine.o
                                0x735 (size before relaxing)
 .debug_str     0x00001621       0xd6 .\CortexM3\ARM_GCC_541\Debug\button.o
                                0x508 (size before relaxing)
 .debug_str     0x000016f7       0xa8 .\CortexM3\ARM_GCC_541\Debug\logging.o
                                0x4f9 (size before relaxing)
 .debug_str     0x0000179f      0x725 .\CortexM3\ARM_GCC_541\Debug\tft.o
                                0xd32 (size before relaxing)
 .debug_str     0x00001ec4       0x3e .\CortexM3\ARM_GCC_541\Debug\intToASCII.o
                                0x488 (size before relaxing)
 .debug_str     0x00001f02       0x20 .\CortexM3\ARM_GCC_541\Debug\rte.o
                                0x4dc (size before relaxing)
 .debug_str     0x00001f22       0x1b .\CortexM3\ARM_GCC_541\Debug\sc_clock.o
                                0x100 (size before relaxing)
 .debug_str     0x00001f3d       0x1b .\CortexM3\ARM_GCC_541\Debug\sc_event.o
                                0x100 (size before relaxing)
 .debug_str     0x00001f58       0x32 .\CortexM3\ARM_GCC_541\Debug\sc_event_type.o
                                0x4bb (size before relaxing)
 .debug_str     0x00001f8a       0x7a .\CortexM3\ARM_GCC_541\Debug\sp_common.o
                                0xae7 (size before relaxing)
 .debug_str     0x00002004       0x33 .\CortexM3\ARM_GCC_541\Debug\sc_clock_type.o
                                0x834 (size before relaxing)
 .debug_str     0x00002037      0x1a2 .\CortexM3\ARM_GCC_541\Debug\cyfitter_cfg.o
                                0x359 (size before relaxing)
 .debug_str     0x000021d9       0x75 .\CortexM3\ARM_GCC_541\Debug\cymetadata.o
                                0x1f9 (size before relaxing)
 .debug_str     0x0000224e      0x132 .\CortexM3\ARM_GCC_541\Debug\Cm3Start.o
                                0x31f (size before relaxing)
 .debug_str     0x00002380      0x5b7 .\CortexM3\ARM_GCC_541\Debug\ElectronicClock.a(ErikaOS_ee_activate.o)
                                0x81a (size before relaxing)
 .debug_str     0x00002937       0x97 .\CortexM3\ARM_GCC_541\Debug\ElectronicClock.a(ErikaOS_ee_alsetrel.o)
                                0x612 (size before relaxing)
 .debug_str     0x000029ce      0x230 .\CortexM3\ARM_GCC_541\Debug\ElectronicClock.a(ErikaOS_ee_altick.o)
                                0xa75 (size before relaxing)
 .debug_str     0x00002bfe       0x2c .\CortexM3\ARM_GCC_541\Debug\ElectronicClock.a(ErikaOS_ee_evclear.o)
                                0x5f2 (size before relaxing)
 .debug_str     0x00002c2a       0x5b .\CortexM3\ARM_GCC_541\Debug\ElectronicClock.a(ErikaOS_ee_evget.o)
                                0x562 (size before relaxing)
 .debug_str     0x00002c85       0x2a .\CortexM3\ARM_GCC_541\Debug\ElectronicClock.a(ErikaOS_ee_evset.o)
                                0x7f2 (size before relaxing)
 .debug_str     0x00002caf       0xa1 .\CortexM3\ARM_GCC_541\Debug\ElectronicClock.a(ErikaOS_ee_evwait.o)
                                0x84a (size before relaxing)
 .debug_str     0x00002d50       0xc8 .\CortexM3\ARM_GCC_541\Debug\ElectronicClock.a(ErikaOS_ee_irqendin.o)
                                0x6cf (size before relaxing)
 .debug_str     0x00002e18       0x8e .\CortexM3\ARM_GCC_541\Debug\ElectronicClock.a(ErikaOS_ee_lockres.o)
                                0x65a (size before relaxing)
 .debug_str     0x00002ea6       0x2b .\CortexM3\ARM_GCC_541\Debug\ElectronicClock.a(ErikaOS_ee_lookup.o)
                                0x49e (size before relaxing)
 .debug_str     0x00002ed1       0x8a .\CortexM3\ARM_GCC_541\Debug\ElectronicClock.a(ErikaOS_ee_rq_exchg.o)
                                0x510 (size before relaxing)
 .debug_str     0x00002f5b       0x2d .\CortexM3\ARM_GCC_541\Debug\ElectronicClock.a(ErikaOS_ee_rq_first.o)
                                0x4db (size before relaxing)
 .debug_str     0x00002f88       0x38 .\CortexM3\ARM_GCC_541\Debug\ElectronicClock.a(ErikaOS_ee_rq_inser.o)
                                0x515 (size before relaxing)
 .debug_str     0x00002fc0      0xef2 .\CortexM3\ARM_GCC_541\Debug\ElectronicClock.a(ErikaOS_ee_startos.o)
                               0x1741 (size before relaxing)
 .debug_str     0x00003eb2       0x5b .\CortexM3\ARM_GCC_541\Debug\ElectronicClock.a(ErikaOS_ee_terminat.o)
                                0x613 (size before relaxing)
 .debug_str     0x00003f0d       0x2d .\CortexM3\ARM_GCC_541\Debug\ElectronicClock.a(ErikaOS_ee_ulockres.o)
                                0x831 (size before relaxing)
 .debug_str     0x00003f3a       0x80 .\CortexM3\ARM_GCC_541\Debug\ElectronicClock.a(ErikaOS_cortex_mx_ee_utils.o)
                                0x56d (size before relaxing)
 .debug_str     0x00003fba       0x37 .\CortexM3\ARM_GCC_541\Debug\ElectronicClock.a(ErikaOS_common_ee_hal_structs.o)
                                0x4aa (size before relaxing)
 .debug_str     0x00003ff1      0x1e7 .\CortexM3\ARM_GCC_541\Debug\ElectronicClock.a(ErikaOS_eecfg.o)
                                0x8a6 (size before relaxing)
 .debug_str     0x000041d8      0x402 .\CortexM3\ARM_GCC_541\Debug\ElectronicClock.a(UART_LOG.o)
                                0x64d (size before relaxing)
 .debug_str     0x000045da       0x6a .\CortexM3\ARM_GCC_541\Debug\ElectronicClock.a(UART_LOG_INT.o)
                                0x2ce (size before relaxing)
 .debug_str     0x00004644      0x253 .\CortexM3\ARM_GCC_541\Debug\ElectronicClock.a(TFT_SPI.o)
                                0x47b (size before relaxing)
 .debug_str     0x00004897       0x63 .\CortexM3\ARM_GCC_541\Debug\ElectronicClock.a(TFT_DC.o)
                                0x1fc (size before relaxing)
 .debug_str     0x000048fa       0x57 .\CortexM3\ARM_GCC_541\Debug\ElectronicClock.a(TFT_RES.o)
                                0x201 (size before relaxing)
 .debug_str     0x00004951      0x14b .\CortexM3\ARM_GCC_541\Debug\ElectronicClock.a(TFT_BackLight.o)
                                0x352 (size before relaxing)
 .debug_str     0x00004a9c      0x1ab .\CortexM3\ARM_GCC_541\Debug\ElectronicClock.a(UART_LOG_IntClock.o)
                                0x37b (size before relaxing)
 .debug_str     0x00004c47      0x156 .\CortexM3\ARM_GCC_541\Debug\ElectronicClock.a(TFT_SPI_IntClock.o)
                                0x36f (size before relaxing)
 .debug_str     0x00004d9d      0x243 .\CortexM3\ARM_GCC_541\Debug\ElectronicClock.a(CyLib.o)
                                0xa5c (size before relaxing)
 .debug_str     0x00004fe0      0x2dc .\CortexM3\ARM_GCC_541\Debug\ElectronicClock.a(cyPm.o)
                                0x748 (size before relaxing)
 .debug_str     0x000052bc       0x5c .\CortexM3\ARM_GCC_541\Debug\ElectronicClock.a(button_1.o)
                                0x206 (size before relaxing)
 .debug_str     0x00005318       0x5c .\CortexM3\ARM_GCC_541\Debug\ElectronicClock.a(button_2.o)
                                0x206 (size before relaxing)
 .debug_str     0x00005374       0x72 .\CortexM3\ARM_GCC_541\Debug\ElectronicClock.a(ErikaOS_ee_tnterm.o)
                                0x52d (size before relaxing)
 .debug_str     0x000053e6       0x55 .\CortexM3\ARM_GCC_541\Debug\ElectronicClock.a(ErikaOS_ee_tstub.o)
                                0x5e8 (size before relaxing)
 .debug_str     0x0000543b       0x37 .\CortexM3\ARM_GCC_541\Debug\ElectronicClock.a(ErikaOS_ee_ulockallres.o)
                                0x51c (size before relaxing)
 .debug_str     0x00005472       0x8a .\CortexM3\ARM_GCC_541\Debug\ElectronicClock.a(ErikaOS_cortex_mx_ee_context.o)
                                0x59f (size before relaxing)
 .debug_str     0x000054fc       0x65 .\CortexM3\ARM_GCC_541\Debug\ElectronicClock.a(CyFlash.o)
                                0x3d5 (size before relaxing)
 .debug_str     0x00005561       0x64 .\CortexM3\ARM_GCC_541\Debug\ElectronicClock.a(CySpc.o)
                                0x34d (size before relaxing)
 .debug_str     0x000055c5       0x67 .\CortexM3\ARM_GCC_541\Debug\ElectronicClock.a(ErikaOS_ee_thendin.o)
                                0x765 (size before relaxing)

.debug_loc      0x00000000     0x61f5
 *(.debug_loc)
 .debug_loc     0x00000000      0x3a4 .\CortexM3\ARM_GCC_541\Debug\main.o
 .debug_loc     0x000003a4      0x69c .\CortexM3\ARM_GCC_541\Debug\swc_clock_control.o
 .debug_loc     0x00000a40       0x21 .\CortexM3\ARM_GCC_541\Debug\swc_clock_display.o
 .debug_loc     0x00000a61       0x97 .\CortexM3\ARM_GCC_541\Debug\swc_clock_input.o
 .debug_loc     0x00000af8      0x459 .\CortexM3\ARM_GCC_541\Debug\clock_statemachine.o
 .debug_loc     0x00000f51       0xde .\CortexM3\ARM_GCC_541\Debug\button.o
 .debug_loc     0x0000102f       0x4d .\CortexM3\ARM_GCC_541\Debug\logging.o
 .debug_loc     0x0000107c     0x1924 .\CortexM3\ARM_GCC_541\Debug\tft.o
 .debug_loc     0x000029a0       0x48 .\CortexM3\ARM_GCC_541\Debug\intToASCII.o
 .debug_loc     0x000029e8      0x10e .\CortexM3\ARM_GCC_541\Debug\rte.o
 .debug_loc     0x00002af6       0x21 .\CortexM3\ARM_GCC_541\Debug\sc_event_type.o
 .debug_loc     0x00002b17       0x85 .\CortexM3\ARM_GCC_541\Debug\sp_common.o
 .debug_loc     0x00002b9c       0x21 .\CortexM3\ARM_GCC_541\Debug\sc_clock_type.o
 .debug_loc     0x00002bbd      0x289 .\CortexM3\ARM_GCC_541\Debug\cyfitter_cfg.o
 .debug_loc     0x00002e46      0x144 .\CortexM3\ARM_GCC_541\Debug\Cm3Start.o
 .debug_loc     0x00002f8a      0x12d .\CortexM3\ARM_GCC_541\Debug\ElectronicClock.a(ErikaOS_ee_activate.o)
 .debug_loc     0x000030b7      0x1ed .\CortexM3\ARM_GCC_541\Debug\ElectronicClock.a(ErikaOS_ee_alsetrel.o)
 .debug_loc     0x000032a4      0x46c .\CortexM3\ARM_GCC_541\Debug\ElectronicClock.a(ErikaOS_ee_altick.o)
 .debug_loc     0x00003710       0xbc .\CortexM3\ARM_GCC_541\Debug\ElectronicClock.a(ErikaOS_ee_evclear.o)
 .debug_loc     0x000037cc       0xa4 .\CortexM3\ARM_GCC_541\Debug\ElectronicClock.a(ErikaOS_ee_evget.o)